 SatDinModel_Rid_sfun

 Timestamp is 52a139bf (Fri Dec 06 09:43:11 2013)

 Preferred load address is 10000000

 Start         Length     Name                   Class
 0001:00000000 0002918aH .text                   CODE
 0002:00000000 000001d0H .idata$5                DATA
 0002:000001d0 00000820H .rdata                  DATA
 0002:000009f0 000000a0H .idata$2                DATA
 0002:00000a90 00000014H .idata$3                DATA
 0002:00000aa4 000001d0H .idata$4                DATA
 0002:00000c74 00000818H .idata$6                DATA
 0002:00001490 0000005aH .edata                  DATA
 0003:00000000 00000004H .CRT$XCA                DATA
 0003:00000004 00000004H .CRT$XCZ                DATA
 0003:00000008 00000004H .CRT$XIA                DATA
 0003:0000000c 00000004H .CRT$XIZ                DATA
 0003:00000010 00005580H .data                   DATA
 0003:00005590 00001fe4H .bss                    DATA

  Address         Publics by Value              Rva+Base     Lib:Object

 0001:00000000       _sf_c2_SatDinModel_Rid_get_eml_resolved_functions_info 10001000 f   c2_SatDinModel_Rid.obj
 0001:00000615       _sf_c2_SatDinModel_Rid_get_check_sum 10001615 f   c2_SatDinModel_Rid.obj
 0001:00000689       _sf_c2_SatDinModel_Rid_get_autoinheritance_info 10001689 f   c2_SatDinModel_Rid.obj
 0001:000009fc       _sf_internal_get_sim_state_c2_SatDinModel_Rid 100019fc f   c2_SatDinModel_Rid.obj
 0001:00000c95       _sf_internal_set_sim_state_c2_SatDinModel_Rid 10001c95 f   c2_SatDinModel_Rid.obj
 0001:00000fb8       _c2_SatDinModel_Rid_method_dispatcher 10001fb8 f   c2_SatDinModel_Rid.obj
 0001:00003590       _sf_process_check_sum_call 10004590 f   SatDinModel_Rid_sfun_registry.obj
 0001:000035ba       _sf_process_autoinheritance_call 100045ba f   SatDinModel_Rid_sfun_registry.obj
 0001:000036ba       _sf_process_get_eml_resolved_functions_info_call 100046ba f   SatDinModel_Rid_sfun_registry.obj
 0001:000037ba       _sf_mex_unlock_call        100047ba f   SatDinModel_Rid_sfun_registry.obj
 0001:00003830       _sf_machine_global_initializer_called 10004830 f   SatDinModel_Rid_sfun_registry.obj
 0001:00003841       _sf_machine_global_method_dispatcher 10004841 f   SatDinModel_Rid_sfun_registry.obj
 0001:0000387b       _sf_machine_global_terminator 1000487b f   SatDinModel_Rid_sfun_registry.obj
 0001:000038a7       _sf_register_machine_exported_symbols 100048a7 f   SatDinModel_Rid_sfun_registry.obj
 0001:000038b8       _callCustomFcn             100048b8 f   SatDinModel_Rid_sfun_registry.obj
 0001:000038bf       _sf_machine_global_initializer 100048bf f   SatDinModel_Rid_sfun_registry.obj
 0001:00003922       __ssSetStateAbsTol         10004922 f   SatDinModel_Rid_sfun_registry.obj
 0001:000039bd       __ssGetAbsTol              100049bd f   SatDinModel_Rid_sfun_registry.obj
 0001:00003a0b       __ssSetInputPortMatrixDimensions 10004a0b f   SatDinModel_Rid_sfun_registry.obj
 0001:00003ab4       __ssSetOutputPortMatrixDimensions 10004ab4 f   SatDinModel_Rid_sfun_registry.obj
 0001:00003b5d       __ssSetInputPortVectorDimension 10004b5d f   SatDinModel_Rid_sfun_registry.obj
 0001:00003bdb       __ssSetOutputPortVectorDimension 10004bdb f   SatDinModel_Rid_sfun_registry.obj
 0001:00003c59       _ssIsRunTimeParamTunable   10004c59 f   SatDinModel_Rid_sfun_registry.obj
 0001:00003cab       _ssGetSFuncBlockHandle     10004cab f   SatDinModel_Rid_sfun_registry.obj
 0001:00003d02       __ssGetCurrentInputPortWidth 10004d02 f   SatDinModel_Rid_sfun_registry.obj
 0001:00003dce       __ssGetCurrentOutputPortWidth 10004dce f   SatDinModel_Rid_sfun_registry.obj
 0001:00003e9b       __ssGetCallSystemNumFcnCallDestinations 10004e9b f   SatDinModel_Rid_sfun_registry.obj
 0001:00003ef0       _ssWarning                 10004ef0 f   SatDinModel_Rid_sfun_registry.obj
 0001:00003fb8       _ssGetIsZeroCrossControlDisabled 10004fb8 f   SatDinModel_Rid_sfun_registry.obj
 0001:00004008       _ssSetIsInputPortUsedForContZcSignal 10005008 f   SatDinModel_Rid_sfun_registry.obj
 0001:00004051       _ssSetZcSignalIsZcElementDisc 10005051 f   SatDinModel_Rid_sfun_registry.obj
 0001:000040ae       _ssSetZcSignalName         100050ae f   SatDinModel_Rid_sfun_registry.obj
 0001:000040f7       _ssSetZcSignalWidth        100050f7 f   SatDinModel_Rid_sfun_registry.obj
 0001:00004140       _ssSetZcSignalZcEventType  10005140 f   SatDinModel_Rid_sfun_registry.obj
 0001:00004189       _ssSetZcSignalType         10005189 f   SatDinModel_Rid_sfun_registry.obj
 0001:000041d2       _ssSetZcSignalZcTol        100051d2 f   SatDinModel_Rid_sfun_registry.obj
 0001:0000421b       _ssSetZcSignalNeedsEventNotification 1000521b f   SatDinModel_Rid_sfun_registry.obj
 0001:00004264       _ssCreateAndAddZcSignalInfo 10005264 f   SatDinModel_Rid_sfun_registry.obj
 0001:000042b7       _ssCloneAndAddZcSignalInfo 100052b7 f   SatDinModel_Rid_sfun_registry.obj
 0001:0000430c       _ssGetNumZcSignals         1000530c f   SatDinModel_Rid_sfun_registry.obj
 0001:0000435f       _ssGetZcSignalVector       1000535f f   SatDinModel_Rid_sfun_registry.obj
 0001:000043b4       _ssGetZcSignalZcEvents     100053b4 f   SatDinModel_Rid_sfun_registry.obj
 0001:00004406       _ssGetZcSignalName         10005406 f   SatDinModel_Rid_sfun_registry.obj
 0001:0000445b       _ssGetZcSignalWidth        1000545b f   SatDinModel_Rid_sfun_registry.obj
 0001:000044b0       _ssGetZcSignalZcEventType  100054b0 f   SatDinModel_Rid_sfun_registry.obj
 0001:00004502       _ssGetZcSignalType         10005502 f   SatDinModel_Rid_sfun_registry.obj
 0001:00004557       _ssGetZcSignalZcTol        10005557 f   SatDinModel_Rid_sfun_registry.obj
 0001:000045b3       _ssGetZcSignalNeedsEventNotification 100055b3 f   SatDinModel_Rid_sfun_registry.obj
 0001:00004605       _ssGetZcSignalIsZcElementDisc 10005605 f   SatDinModel_Rid_sfun_registry.obj
 0001:00004661       _ssGetIsInputPortElementContinuous 10005661 f   SatDinModel_Rid_sfun_registry.obj
 0001:000046bd       __ssGetInputPortSignalPtrsFcn 100056bd f   SatDinModel_Rid_sfun_registry.obj
 0001:000048ad       __ssGetInputPortSignalFcn  100058ad f   SatDinModel_Rid_sfun_registry.obj
 0001:00004a34       __ssSetInputPortDirectFeedThroughFcn 10005a34 f   SatDinModel_Rid_sfun_registry.obj
 0001:00004b55       __ssSetInputPortReusableFcn 10005b55 f   SatDinModel_Rid_sfun_registry.obj
 0001:00004bc8       __ssSetOutputPortReusableFcn 10005bc8 f   SatDinModel_Rid_sfun_registry.obj
 0001:00004c39       _ssGetDTypeIdFromMxArray   10005c39 f   SatDinModel_Rid_sfun_registry.obj
 0001:00004d21       _ssWriteRTWStr             10005d21 f   SatDinModel_Rid_sfun_registry.obj
 0001:00004d5c       _ssWriteRTWMxVectParam     10005d5c f   SatDinModel_Rid_sfun_registry.obj
 0001:00004d90       _ssWriteRTWMx2dMatParam    10005d90 f   SatDinModel_Rid_sfun_registry.obj
 0001:00004dc8       _ssWriteRTWNameValuePair   10005dc8 f   SatDinModel_Rid_sfun_registry.obj
 0001:00005126       _ssWriteRTWParameters      10006126 f   SatDinModel_Rid_sfun_registry.obj
 0001:000054b3       _ssWriteRTWParamSettings   100064b3 f   SatDinModel_Rid_sfun_registry.obj
 0001:00005959       _ssWriteRTWWorkVect        10006959 f   SatDinModel_Rid_sfun_registry.obj
 0001:00005cb8       _mexFunction               10006cb8 f   SatDinModel_Rid_sfun_registry.obj
 0001:000072cc       _ProcessMexSfunctionEveryCall 100082cc f   SatDinModel_Rid_sfun_registry.obj
 0001:000073d0       _SatDinModel_Rid_initializer 100083d0 f   SatDinModel_Rid_sfun.obj
 0001:000073d5       _SatDinModel_Rid_terminator 100083d5 f   SatDinModel_Rid_sfun.obj
 0001:000073da       _sf_SatDinModel_Rid_method_dispatcher 100083da f   SatDinModel_Rid_sfun.obj
 0001:00007402       _sf_SatDinModel_Rid_process_check_sum_call 10008402 f   SatDinModel_Rid_sfun.obj
 0001:0000781b       _sf_SatDinModel_Rid_autoinheritance_info 1000881b f   SatDinModel_Rid_sfun.obj
 0001:000078c0       _sf_SatDinModel_Rid_get_eml_resolved_functions_info 100088c0 f   SatDinModel_Rid_sfun.obj
 0001:00007983       _SatDinModel_Rid_debug_initialize 10008983 f   SatDinModel_Rid_sfun.obj
 0001:000079cc       _SatDinModel_Rid_register_exported_symbols 100089cc f   SatDinModel_Rid_sfun.obj
 0001:000079e0       _sf_emlrtErrHandler        100089e0 f   sfc_mexmsvc:sfc_mex.obj
 0001:00007a00       _sf_mex_mx_is_numeric      10008a00 f   sfc_mexmsvc:sfc_mex.obj
 0001:00007a40       _sf_echo_expression        10008a40 f   sfc_mexmsvc:sfc_mex.obj
 0001:00007a90       _sf_assertion_failed       10008a90 f   sfc_mexmsvc:sfc_mex.obj
 0001:00007ad0       _strcmp_ignore_ws          10008ad0 f   sfc_mexmsvc:sfc_mex.obj
 0001:00007bf0       _sf_mex_evalin             10008bf0 f   sfc_mexmsvc:sfc_mex.obj
 0001:00007de0       _sf_mex_export             10008de0 f   sfc_mexmsvc:sfc_mex.obj
 0001:00007e80       _sf_mex_get_ml_var_no_error 10008e80 f   sfc_mexmsvc:sfc_mex.obj
 0001:00007fb0       _sf_mex_get_ml_var         10008fb0 f   sfc_mexmsvc:sfc_mex.obj
 0001:00007fe0       _sf_mex_duplicatearraysafe 10008fe0 f   sfc_mexmsvc:sfc_mex.obj
 0001:00008010       _ml_set_element_value_in_array 10009010 f   sfc_mexmsvc:sfc_mex.obj
 0001:00008150       _sf_mex_call_impl          10009150 f   sfc_mexmsvc:sfc_mex.obj
 0001:00008530       _sf_mex_call_debug         10009530 f   sfc_mexmsvc:sfc_mex.obj
 0001:00008550       _sf_mex_call               10009550 f   sfc_mexmsvc:sfc_mex.obj
 0001:00008570       _sf_set_error_debugger_context_message_fcn 10009570 f   sfc_mexmsvc:sfc_mex.obj
 0001:00008580       _sf_set_debugger_matlab_error_fcn 10009580 f   sfc_mexmsvc:sfc_mex.obj
 0001:00008590       _sf_set_error_prefix_string 10009590 f   sfc_mexmsvc:sfc_mex.obj
 0001:000085c0       _sf_get_error_prefix_string 100095c0 f   sfc_mexmsvc:sfc_mex.obj
 0001:000085d0       _sf_clear_error_manager_info 100095d0 f   sfc_mexmsvc:sfc_mex.obj
 0001:00008600       _sf_get_current_jmp_buf_ptr 10009600 f   sfc_mexmsvc:sfc_mex.obj
 0001:00008610       _sf_set_current_jmp_buf_ptr 10009610 f   sfc_mexmsvc:sfc_mex.obj
 0001:00008620       _sf_mex_set_halt_simulation 10009620 f   sfc_mexmsvc:sfc_mex.obj
 0001:00008640       _sf_mex_get_halt_simulation 10009640 f   sfc_mexmsvc:sfc_mex.obj
 0001:00008650       _sf_mex_clear_error_message 10009650 f   sfc_mexmsvc:sfc_mex.obj
 0001:00008660       _sf_mex_get_error_message_for_read 10009660 f   sfc_mexmsvc:sfc_mex.obj
 0001:00008670       _sf_mex_get_error_message_buffer_length 10009670 f   sfc_mexmsvc:sfc_mex.obj
 0001:00008680       _sf_mex_printf             10009680 f   sfc_mexmsvc:sfc_mex.obj
 0001:000087c0       _sf_mex_warning_message    100097c0 f   sfc_mexmsvc:sfc_mex.obj
 0001:00008800       _sf_mex_stop_simulation_abruptly_wo_error 10009800 f   sfc_mexmsvc:sfc_mex.obj
 0001:00008820       _sf_mex_v_errbuf_createf   10009820 f   sfc_mexmsvc:sfc_mex.obj
 0001:00008840       _sf_mex_errbuf_createf     10009840 f   sfc_mexmsvc:sfc_mex.obj
 0001:00008860       _sf_mex_v_errbuf_catf      10009860 f   sfc_mexmsvc:sfc_mex.obj
 0001:000088a0       _sf_mex_errbuf_catf        100098a0 f   sfc_mexmsvc:sfc_mex.obj
 0001:000088c0       _sf_mex_errbuf_copy        100098c0 f   sfc_mexmsvc:sfc_mex.obj
 0001:000088e0       _sf_mex_errbuf_clear       100098e0 f   sfc_mexmsvc:sfc_mex.obj
 0001:000088f0       _sf_mex_errbuf_isempty     100098f0 f   sfc_mexmsvc:sfc_mex.obj
 0001:00008900       _sf_mex_set_error_status   10009900 f   sfc_mexmsvc:sfc_mex.obj
 0001:000089c0       _sf_mex_error_message      100099c0 f   sfc_mexmsvc:sfc_mex.obj
 0001:00008a10       _sf_react_to_error_in_matlab_call 10009a10 f   sfc_mexmsvc:sfc_mex.obj
 0001:00008a40       _sf_mex_error_direct_call  10009a40 f   sfc_mexmsvc:sfc_mex.obj
 0001:00008a60       _sf_mex_error_message_no_long_jump 10009a60 f   sfc_mexmsvc:sfc_mex.obj
 0001:00008a90       _sf_mex_long_jump_on_error 10009a90 f   sfc_mexmsvc:sfc_mex.obj
 0001:00008ac0       _sf_mex_call_matlab        10009ac0 f   sfc_mexmsvc:sfc_mex.obj
 0001:00008ba0       _sf_mex_addfield           10009ba0 f   sfc_mexmsvc:sfc_mex.obj
 0001:00008c10       _sf_mex_getfield           10009c10 f   sfc_mexmsvc:sfc_mex.obj
 0001:00008ca0       _sf_mex_check_size         10009ca0 f   sfc_mexmsvc:sfc_mex.obj
 0001:00008ee0       _sf_mex_check_class        10009ee0 f   sfc_mexmsvc:sfc_mex.obj
 0001:00008f80       _sf_mex_is_real            10009f80 f   sfc_mexmsvc:sfc_mex.obj
 0001:00008fc0       _sf_mex_check_struct       10009fc0 f   sfc_mexmsvc:sfc_mex.obj
 0001:00009130       _sf_mex_check_struct_vs    1000a130 f   sfc_mexmsvc:sfc_mex.obj
 0001:00009280       _sf_mex_check_fi           1000a280 f   sfc_mexmsvc:sfc_mex.obj
 0001:00009490       _sf_mex_check_fi_vs        1000a490 f   sfc_mexmsvc:sfc_mex.obj
 0001:000094e0       _sf_mex_check_builtin      1000a4e0 f   sfc_mexmsvc:sfc_mex.obj
 0001:00009510       _sf_mex_check_builtin_vs   1000a510 f   sfc_mexmsvc:sfc_mex.obj
 0001:00009550       _sf_mex_check_enum         1000a550 f   sfc_mexmsvc:sfc_mex.obj
 0001:00009580       _sf_mex_create_enum        1000a580 f   sfc_mexmsvc:sfc_mex.obj
 0001:000095a0       _sf_mex_get_enum_element   1000a5a0 f   sfc_mexmsvc:sfc_mex.obj
 0001:000095c0       _sf_mex_create             1000a5c0 f   sfc_mexmsvc:sfc_mex.obj
 0001:00009b50       _sf_mex_createstruct       1000ab50 f   sfc_mexmsvc:sfc_mex.obj
 0001:00009bc0       _sf_mex_createstructarray  1000abc0 f   sfc_mexmsvc:sfc_mex.obj
 0001:00009bf0       _sf_mex_createcellarray    1000abf0 f   sfc_mexmsvc:sfc_mex.obj
 0001:00009c10       _sf_mex_setcell            1000ac10 f   sfc_mexmsvc:sfc_mex.obj
 0001:00009c30       _sf_mex_getcell            1000ac30 f   sfc_mexmsvc:sfc_mex.obj
 0001:00009c50       _sf_mex_dup                1000ac50 f   sfc_mexmsvc:sfc_mex.obj
 0001:00009c90       _sf_mex_assign             1000ac90 f   sfc_mexmsvc:sfc_mex.obj
 0001:00009ce0       _sf_mex_destroy            1000ace0 f   sfc_mexmsvc:sfc_mex.obj
 0001:00009d00       _mx_array_has_fi_type      1000ad00 f   sfc_mexmsvc:sfc_mex.obj
 0001:00009d30       _sf_mex_convert_from_fi    1000ad30 f   sfc_mexmsvc:sfc_mex.obj
 0001:00009da0       _sf_mex_convert_to_double  1000ada0 f   sfc_mexmsvc:sfc_mex.obj
 0001:00009de0       _sf_mex_import_named       1000ade0 f   sfc_mexmsvc:sfc_mex.obj
 0001:0000ba90       _sf_mex_import             1000ca90 f   sfc_mexmsvc:sfc_mex.obj
 0001:0000bad0       _sf_mex_import_vs          1000cad0 f   sfc_mexmsvc:sfc_mex.obj
 0001:0000bb60       _sf_mex_import_fi_vs       1000cb60 f   sfc_mexmsvc:sfc_mex.obj
 0001:0000bba0       _sf_mex_get_mx_datatype_from_sf_datatype 1000cba0 f   sfc_mexmsvc:sfc_mex.obj
 0001:0000bca0       _sf_mex_ml_var_sub         1000cca0 f   sfc_mexmsvc:sfc_mex.obj
 0001:0000bee0       _sf_mex_ml_var_subsasgn    1000cee0 f   sfc_mexmsvc:sfc_mex.obj
 0001:0000c180       _sf_mex_sub                1000d180 f   sfc_mexmsvc:sfc_mex.obj
 0001:0000c2b0       _sf_mex_subsasgn           1000d2b0 f   sfc_mexmsvc:sfc_mex.obj
 0001:0000c3b0       _sf_mex_decode_encoded_mx_struct_array 1000d3b0 f   sfc_mexmsvc:sfc_mex.obj
 0001:0000c550       _sf_mex_lower_fixpt_mx_array 1000d550 f   sfc_mexmsvc:sfc_mex.obj
 0001:0000c680       _sf_mex_lw_bounds_check    1000d680 f   sfc_mexmsvc:sfc_mex.obj
 0001:0000c6b0       _sf_mex_lw_size_eq_check_1d 1000d6b0 f   sfc_mexmsvc:sfc_mex.obj
 0001:0000c6d0       _sf_mex_lw_size_eq_check_nd 1000d6d0 f   sfc_mexmsvc:sfc_mex.obj
 0001:0000c830       _sf_mex_lw_dim_size_eq_check 1000d830 f   sfc_mexmsvc:sfc_mex.obj
 0001:0000c860       _sf_mex_lw_dim_size_geq_check 1000d860 f   sfc_mexmsvc:sfc_mex.obj
 0001:0000c890       _sf_mex_lw_sub_assign_size_check_nd 1000d890 f   sfc_mexmsvc:sfc_mex.obj
 0001:0000c970       _sf_matrix_matrix_index_ok 1000d970 f   sfc_mexmsvc:sfc_mex.obj
 0001:0000ca10       _sf_vector_vector_index_ok 1000da10 f   sfc_mexmsvc:sfc_mex.obj
 0001:0000ca50       _sf_mex_lw_runtime_error_msgid 1000da50 f   sfc_mexmsvc:sfc_mex.obj
 0001:0000cb10       _sf_mex_lw_matrix_matrix_index_check 1000db10 f   sfc_mexmsvc:sfc_mex.obj
 0001:0000cb40       _sf_mex_lw_vector_vector_index_check 1000db40 f   sfc_mexmsvc:sfc_mex.obj
 0001:0000cb70       _sf_mex_lw_non_negative_check 1000db70 f   sfc_mexmsvc:sfc_mex.obj
 0001:0000cba0       _sf_mex_overflow_error     1000dba0 f   sfc_mexmsvc:sfc_mex.obj
 0001:0000cbb0       _sf_mex_dividebyzero_error 1000dbb0 f   sfc_mexmsvc:sfc_mex.obj
 0001:0000cbc0       _sf_mex_unsafe_enum_error  1000dbc0 f   sfc_mexmsvc:sfc_mex.obj
 0001:0000cbd0       _ssGetCurrentInputPortDimensions_wrapper 1000dbd0 f   sfc_mexmsvc:sfc_mex.obj
 0001:0000cbf0       _ssGetCurrentOutputPortDimensions_wrapper 1000dbf0 f   sfc_mexmsvc:sfc_mex.obj
 0001:0000cc10       _sf_mex_emlrt_context_is_debug_mode 1000dc10 f   sfc_mexmsvc:sfc_mex.obj
 0001:0000cc20       _sf_mex_emlrt_context_set_debug_mode 1000dc20 f   sfc_mexmsvc:sfc_mex.obj
 0001:0000cc30       _sim_mode_is_rtw_gen       1000dc30 f   sfc_mexmsvc:sfc_sf.obj
 0001:0000cc70       _sim_mode_is_external      1000dc70 f   sfc_mexmsvc:sfc_sf.obj
 0001:0000cc90       _sim_mode_is_modelref_sim  1000dc90 f   sfc_mexmsvc:sfc_sf.obj
 0001:0000ccc0       _mdlInitializeSizes        1000dcc0 f   sfc_mexmsvc:sfc_sf.obj
 0001:0000cce0       _mdlInitializeSampleTimes  1000dce0 f   sfc_mexmsvc:sfc_sf.obj
 0001:0000cd00       _mdlZeroCrossings          1000dd00 f   sfc_mexmsvc:sfc_sf.obj
 0001:0000cdb0       _mdlDerivatives            1000ddb0 f   sfc_mexmsvc:sfc_sf.obj
 0001:0000ce70       _mdl_initialize_conditions_processing 1000de70 f   sfc_mexmsvc:sfc_sf.obj
 0001:0000cea0       _mdlInitializeConditions   1000dea0 f   sfc_mexmsvc:sfc_sf.obj
 0001:0000cf30       _mdlGetSimState            1000df30 f   sfc_mexmsvc:sfc_sf.obj
 0001:0000cf50       _mdlSetSimState            1000df50 f   sfc_mexmsvc:sfc_sf.obj
 0001:0000cf70       _mdl_ext_mode_exec_processing 1000df70 f   sfc_mexmsvc:sfc_sf.obj
 0001:0000cf90       _mdlExtModeExec            1000df90 f   sfc_mexmsvc:sfc_sf.obj
 0001:0000d020       _mdlOutputs                1000e020 f   sfc_mexmsvc:sfc_sf.obj
 0001:0000d1c0       _mdlTerminate              1000e1c0 f   sfc_mexmsvc:sfc_sf.obj
 0001:0000d220       _mdlRTW                    1000e220 f   sfc_mexmsvc:sfc_sf.obj
 0001:0000d250       _mdlSetWorkWidths          1000e250 f   sfc_mexmsvc:sfc_sf.obj
 0001:0000d450       _mdlProcessParameters      1000e450 f   sfc_mexmsvc:sfc_sf.obj
 0001:0000d470       _mdl_start_processing      1000e470 f   sfc_mexmsvc:sfc_sf.obj
 0001:0000d4b0       _mdlStart                  1000e4b0 f   sfc_mexmsvc:sfc_sf.obj
 0001:0000d540       _mdlEnable                 1000e540 f   sfc_mexmsvc:sfc_sf.obj
 0001:0000d5f0       _mdlDisable                1000e5f0 f   sfc_mexmsvc:sfc_sf.obj
 0001:0000d6a0       _sf_get_chart_instance_ptr 1000e6a0 f   sfc_mexmsvc:sfc_sf.obj
 0001:0000d6c0       _sf_rtw_info_uint_prop     1000e6c0 f   sfc_mexmsvc:sfc_sf.obj
 0001:0000d7e0       _sf_is_chart_inlinable     1000e7e0 f   sfc_mexmsvc:sfc_sf.obj
 0001:0000d810       _sf_mark_output_events_with_multiple_callers 1000e810 f   sfc_mexmsvc:sfc_sf.obj
 0001:0000d980       _sf_mark_chart_reusable_outputs 1000e980 f   sfc_mexmsvc:sfc_sf.obj
 0001:0000dae0       _sf_mark_chart_expressionable_inputs 1000eae0 f   sfc_mexmsvc:sfc_sf.obj
 0001:0000dc50       _sf_get_subchart_simstruct 1000ec50 f   sfc_mexmsvc:sfc_sf.obj
 0001:0000dc90       _sf_write_symbol_mapping   1000ec90 f   sfc_mexmsvc:sfc_sf.obj
 0001:0000def0       _sf_get_fixpt_data_type_id 1000eef0 f   sfc_mexmsvc:sfc_sf.obj
 0001:0000df30       _sf_get_enum_data_type_id  1000ef30 f   sfc_mexmsvc:sfc_sf.obj
 0001:0000df70       _sf_get_param_data_type_id 1000ef70 f   sfc_mexmsvc:sfc_sf.obj
 0001:0000dfa0       _sf_mex_listen_for_ctrl_c_force 1000efa0 f   sfc_mexmsvc:sfc_sf.obj
 0001:0000e090       _sf_mex_draw_now           1000f090 f   sfc_mexmsvc:sfc_sf.obj
 0001:0000e0d0       _sf_mex_set_debugger_sim_status_listener_fcn 1000f0d0 f   sfc_mexmsvc:sfc_sf.obj
 0001:0000e0e0       _sf_mex_listen_for_ctrl_c  1000f0e0 f   sfc_mexmsvc:sfc_sf.obj
 0001:0000e130       _sf_mex_get_sfun_param     1000f130 f   sfc_mexmsvc:sfc_sf.obj
 0001:0000e180       _sf_get_runtime_param_data 1000f180 f   sfc_mexmsvc:sfc_sf.obj
 0001:0000e1c0       _sf_call_output_fcn_call   1000f1c0 f   sfc_mexmsvc:sfc_sf.obj
 0001:0000e230       _sf_call_output_fcn_enable 1000f230 f   sfc_mexmsvc:sfc_sf.obj
 0001:0000e2f0       _sf_call_output_fcn_disable 1000f2f0 f   sfc_mexmsvc:sfc_sf.obj
 0001:0000e310       _sf_clear_rtw_identifier   1000f310 f   sfc_mexmsvc:sfc_sf.obj
 0001:0000e370       _sf_set_encoded_dwork_info 1000f370 f   sfc_mexmsvc:sfc_sf.obj
 0001:0000eb30       _sf_get_dwork_info_from_mat_file 1000fb30 f   sfc_mexmsvc:sfc_sf.obj
 0001:0000ec30       _sf_set_rtw_dwork_info     1000fc30 f   sfc_mexmsvc:sfc_sf.obj
 0001:0000edc0       _sf_debug_disp             1000fdc0 f   sfc_debugmsvc:sfcdebug.obj
 0001:0000eeb0       _sf_debug_temporal_threshold 1000feb0 f   sfc_debugmsvc:sfcdebug.obj
 0001:0000f220       _sf_debug_transition_conflict_error 10010220 f   sfc_debugmsvc:sfcdebug.obj
 0001:0000f4c0       _sf_debug_state_inconsistency_error 100104c0 f   sfc_debugmsvc:sfcdebug.obj
 0001:0000f5c0       _sf_debug_check_for_state_inconsistency 100105c0 f   sfc_debugmsvc:sfcdebug.obj
 0001:0000f5f0       _sf_debug_cycle_detecton_error 100105f0 f   sfc_debugmsvc:sfcdebug.obj
 0001:0000f6f0       _sf_debug_size_eq_check_1d 100106f0 f   sfc_debugmsvc:sfcdebug.obj
 0001:0000f890       _sf_debug_size_eq_check_nd 10010890 f   sfc_debugmsvc:sfcdebug.obj
 0001:0000f9f0       _sf_debug_dim_size_eq_check 100109f0 f   sfc_debugmsvc:sfcdebug.obj
 0001:0000fa20       _sf_debug_dim_size_geq_check 10010a20 f   sfc_debugmsvc:sfcdebug.obj
 0001:0000fa50       _sf_debug_sub_assign_size_check_nd 10010a50 f   sfc_debugmsvc:sfcdebug.obj
 0001:0000fb30       _sf_debug_matrix_matrix_index_check 10010b30 f   sfc_debugmsvc:sfcdebug.obj
 0001:0000fb70       _sf_debug_vector_vector_index_check 10010b70 f   sfc_debugmsvc:sfcdebug.obj
 0001:0000fbb0       _sf_debug_runtime_error_msgid 10010bb0 f   sfc_debugmsvc:sfcdebug.obj
 0001:0000fc20       _sf_debug_data_array_bounds_error_check 10010c20 f   sfc_debugmsvc:sfcdebug.obj
 0001:0000ff90       _sf_debug_data_runtime_size_mismatch_error_check 10010f90 f   sfc_debugmsvc:sfcdebug.obj
 0001:0000ffe0       _sf_debug_eml_data_array_bounds_error_check 10010fe0 f   sfc_debugmsvc:sfcdebug.obj
 0001:00010070       _sf_debug_integer_check    10011070 f   sfc_debugmsvc:sfcdebug.obj
 0001:00010360       _sf_debug_not_nan_check    10011360 f   sfc_debugmsvc:sfcdebug.obj
 0001:00010380       _sf_debug_non_negative_check 10011380 f   sfc_debugmsvc:sfcdebug.obj
 0001:000103e0       _sf_debug_overflow_detection 100113e0 f   sfc_debugmsvc:sfcdebug.obj
 0001:00010640       _sf_debug_cast_to_real32_T 10011640 f   sfc_debugmsvc:sfcdebug.obj
 0001:00010940       _sf_debug_cast_to_int8_T   10011940 f   sfc_debugmsvc:sfcdebug.obj
 0001:000109b0       _sf_debug_cast_to_uint8_T  100119b0 f   sfc_debugmsvc:sfcdebug.obj
 0001:00010a20       _sf_debug_cast_to_int16_T  10011a20 f   sfc_debugmsvc:sfcdebug.obj
 0001:00010a90       _sf_debug_cast_to_uint16_T 10011a90 f   sfc_debugmsvc:sfcdebug.obj
 0001:00010b00       _sf_debug_cast_to_int32_T  10011b00 f   sfc_debugmsvc:sfcdebug.obj
 0001:00010b60       _sf_debug_cast_to_uint32_T 10011b60 f   sfc_debugmsvc:sfcdebug.obj
 0001:00010bd0       _sf_debug_data_range_error 10011bd0 f   sfc_debugmsvc:sfcdebug.obj
 0001:00010e40       _sf_debug_data_range_error_wrapper_min_max 10011e40 f   sfc_debugmsvc:sfcdebug.obj
 0001:00010fe0       _sf_debug_data_range_error_wrapper_min 10011fe0 f   sfc_debugmsvc:sfcdebug.obj
 0001:00011040       _sf_debug_data_range_error_wrapper_max 10012040 f   sfc_debugmsvc:sfcdebug.obj
 0001:000110a0       _sf_debug_data_range_wrapper 100120a0 f   sfc_debugmsvc:sfcdebug.obj
 0001:000110e0       _sf_debug_try_loading_machine 100120e0 f   sfc_debugmsvc:sfcdebug.obj
 0001:000111c0       _sf_debug_reset_current_state_configuration 100121c0 f   sfc_debugmsvc:sfcdebug.obj
 0001:00011200       _sf_debug_store_current_state_configuration 10012200 f   sfc_debugmsvc:sfcdebug.obj
 0001:00011240       _sf_debug_restore_previous_state_configuration 10012240 f   sfc_debugmsvc:sfcdebug.obj
 0001:00011280       _sf_debug_restore_previous_state_configuration2 10012280 f   sfc_debugmsvc:sfcdebug.obj
 0001:000112c0       _sf_debug_get_event_scope  100122c0 f   sfc_debugmsvc:sfcdebug.obj
 0001:00011410       _sf_debug_set_current_status_info 10012410 f   sfc_debugmsvc:sfcdebug.obj
 0001:00011710       _use_debugger_step_animation 10012710 f   sfc_debugmsvc:sfcdebug.obj
 0001:00011730       _sf_debug_get_script_id    10012730 f   sfc_debugmsvc:sfcdebug.obj
 0001:000117b0       _sf_debug_set_script_translation 100127b0 f   sfc_debugmsvc:sfcdebug.obj
 0001:00011820       _sf_debug_call             10012820 f   sfc_debugmsvc:sfcdebug.obj
 0001:00011fc0       _sf_debug_get_current_machine_id 10012fc0 f   sfc_debugmsvc:sfcdebug.obj
 0001:00011fe0       _sf_debug_get_current_optional_integer 10012fe0 f   sfc_debugmsvc:sfcdebug.obj
 0001:00011ff0       _sf_debug_get_current_machine_number 10012ff0 f   sfc_debugmsvc:sfcdebug.obj
 0001:00012010       _sf_debug_get_current_machine_name 10013010 f   sfc_debugmsvc:sfcdebug.obj
 0001:00012030       _sf_debug_get_current_chart_id 10013030 f   sfc_debugmsvc:sfcdebug.obj
 0001:00012060       _sf_debug_get_current_chart_number 10013060 f   sfc_debugmsvc:sfcdebug.obj
 0001:00012070       _sf_debug_get_current_instance_number 10013070 f   sfc_debugmsvc:sfcdebug.obj
 0001:00012080       _sf_debug_get_current_is_minor_time_step 10013080 f   sfc_debugmsvc:sfcdebug.obj
 0001:00012100       _sf_debug_get_current_object_type 10013100 f   sfc_debugmsvc:sfcdebug.obj
 0001:00012110       _sf_debug_get_current_instance_handle 10013110 f   sfc_debugmsvc:sfcdebug.obj
 0001:00012170       _sf_debug_get_current_event_type 10013170 f   sfc_debugmsvc:sfcdebug.obj
 0001:00012180       _sf_debug_get_current_object_id 10013180 f   sfc_debugmsvc:sfcdebug.obj
 0001:000121b0       _sf_debug_get_current_active_event_type 100131b0 f   sfc_debugmsvc:sfcdebug.obj
 0001:000121c0       _sf_debug_get_current_active_event_id 100131c0 f   sfc_debugmsvc:sfcdebug.obj
 0001:000121f0       _sf_debug_get_current_tag_type 100131f0 f   sfc_debugmsvc:sfcdebug.obj
 0001:00012200       _sf_debug_get_current_simulation_time 10013200 f   sfc_debugmsvc:sfcdebug.obj
 0001:00012210       _sf_debug_get_current_coverage_percentage 10013210 f   sfc_debugmsvc:sfcdebug.obj
 0001:00012220       _sf_debug_current_statement_context 10013220 f   sfc_debugmsvc:sfcdebug.obj
 0001:000122a0       _sf_debug_get_current_statement_info 100132a0 f   sfc_debugmsvc:sfcdebug.obj
 0001:00012410       _sf_debug_terminate        10013410 f   sfc_debugmsvc:sfcdebug.obj
 0001:00012550       _sf_debug_terminate_instance 10013550 f   sfc_debugmsvc:sfcdebug.obj
 0001:00012770       _sf_debug_assertion_failed 10013770 f   sfc_debugmsvc:sfcdebug.obj
 0001:00012790       _sf_debug_initialize_machine 10013790 f   sfc_debugmsvc:sfcdebug.obj
 0001:00012ce0       _sf_debug_set_number_of_data_with_change_event_for_machine 10013ce0 f   sfc_debugmsvc:sfcdebug.obj
 0001:00012d20       _sf_debug_set_machine_event_thresholds 10013d20 f   sfc_debugmsvc:sfcdebug.obj
 0001:00012d50       _sf_debug_set_machine_event_scope 10013d50 f   sfc_debugmsvc:sfcdebug.obj
 0001:00012d90       _sf_debug_set_machine_data_thresholds 10013d90 f   sfc_debugmsvc:sfcdebug.obj
 0001:00012dd0       _sf_debug_set_machine_data_scope 10013dd0 f   sfc_debugmsvc:sfcdebug.obj
 0001:00012e10       _sf_debug_set_machine_data_name 10013e10 f   sfc_debugmsvc:sfcdebug.obj
 0001:00012eb0       _sf_debug_set_machine_data_size 10013eb0 f   sfc_debugmsvc:sfcdebug.obj
 0001:00012fa0       _sf_debug_set_machine_data_type 10013fa0 f   sfc_debugmsvc:sfcdebug.obj
 0001:000130d0       _sf_debug_get_chart_data_number 100140d0 f   sfc_debugmsvc:sfcdebug.obj
 0001:00013100       _sf_debug_get_chart_event_number 10014100 f   sfc_debugmsvc:sfcdebug.obj
 0001:00013130       _sf_debug_set_chart_state_info 10014130 f   sfc_debugmsvc:sfcdebug.obj
 0001:00013190       _sf_debug_set_chart_decomposition 10014190 f   sfc_debugmsvc:sfcdebug.obj
 0001:000131e0       _sf_debug_set_chart_substate_count 100141e0 f   sfc_debugmsvc:sfcdebug.obj
 0001:00013280       _sf_debug_set_chart_substate_index 10014280 f   sfc_debugmsvc:sfcdebug.obj
 0001:000132e0       _sf_debug_set_chart_state_substate_count 100142e0 f   sfc_debugmsvc:sfcdebug.obj
 0001:000133a0       _sf_debug_set_chart_state_substate_index 100143a0 f   sfc_debugmsvc:sfcdebug.obj
 0001:00013400       _sf_debug_set_number_of_data_with_change_event_for_chart 10014400 f   sfc_debugmsvc:sfcdebug.obj
 0001:00013470       _sf_debug_set_number_of_states_with_entry_event_for_chart 10014470 f   sfc_debugmsvc:sfcdebug.obj
 0001:000134d0       _sf_debug_set_number_of_states_with_exit_event_for_chart 100144d0 f   sfc_debugmsvc:sfcdebug.obj
 0001:00013530       _sf_debug_set_chart_disable_implicit_casting 10014530 f   sfc_debugmsvc:sfcdebug.obj
 0001:00013580       _sf_debug_set_chart_event_thresholds 10014580 f   sfc_debugmsvc:sfcdebug.obj
 0001:000135e0       _sf_debug_set_chart_data_compiled_props 100145e0 f   sfc_debugmsvc:sfcdebug.obj
 0001:000138a0       _sf_debug_set_chart_data_props 100148a0 f   sfc_debugmsvc:sfcdebug.obj
 0001:00013a20       _sf_debug_check_fi_license 10014a20 f   sfc_debugmsvc:sfcdebug.obj
 0001:00013b90       _sf_debug_symbol_scope_push 10014b90 f   sfc_debugmsvc:sfcdebug.obj
 0001:00013c70       _sf_debug_symbol_scope_push_eml 10014c70 f   sfc_debugmsvc:sfcdebug.obj
 0001:00013cb0       _sf_debug_symbol_scope_pop 10014cb0 f   sfc_debugmsvc:sfcdebug.obj
 0001:00013d60       _sf_debug_symbol_scope_add_importable 10014d60 f   sfc_debugmsvc:sfcdebug.obj
 0001:00013db0       _sf_debug_symbol_scope_add 10014db0 f   sfc_debugmsvc:sfcdebug.obj
 0001:00013dd0       _sf_debug_symbol_scope_add_dyn_importable 10014dd0 f   sfc_debugmsvc:sfcdebug.obj
 0001:00013e40       _sf_debug_symbol_scope_add_dyn 10014e40 f   sfc_debugmsvc:sfcdebug.obj
 0001:00013e70       _sf_debug_symbol_scope_add_eml_importable 10014e70 f   sfc_debugmsvc:sfcdebug.obj
 0001:00013ea0       _sf_debug_symbol_scope_add_eml 10014ea0 f   sfc_debugmsvc:sfcdebug.obj
 0001:00013ec0       _sf_debug_symbol_scope_add_eml_dyn_importable 10014ec0 f   sfc_debugmsvc:sfcdebug.obj
 0001:00013f10       _sf_debug_symbol_scope_add_eml_dyn 10014f10 f   sfc_debugmsvc:sfcdebug.obj
 0001:00013f40       _sf_debug_symbol_switch    10014f40 f   sfc_debugmsvc:sfcdebug.obj
 0001:00013f60       _sf_debug_symbol_scope_add_verbose 10014f60 f   sfc_debugmsvc:sfcdebug.obj
 0001:00013fd0       _sf_debug_set_machine_data_value_ptr 10014fd0 f   sfc_debugmsvc:sfcdebug.obj
 0001:00014010       _sf_debug_set_instance_data_value_ptr 10015010 f   sfc_debugmsvc:sfcdebug.obj
 0001:00014060       _sf_debug_unset_instance_data_value_ptr 10015060 f   sfc_debugmsvc:sfcdebug.obj
 0001:000140b0       _sf_debug_set_chart_event_scope 100150b0 f   sfc_debugmsvc:sfcdebug.obj
 0001:00014120       _sf_debug_set_chart_transition_coverage_maps 10015120 f   sfc_debugmsvc:sfcdebug.obj
 0001:00014190       _sf_debug_set_chart_state_coverage_maps 10015190 f   sfc_debugmsvc:sfcdebug.obj
 0001:000141f0       _sf_debug_set_instance_transition_coverage_weights 100151f0 f   sfc_debugmsvc:sfcdebug.obj
 0001:00014240       _sf_debug_set_instance_state_coverage_weights 10015240 f   sfc_debugmsvc:sfcdebug.obj
 0001:00014290       _sf_debug_initialize_chart 10015290 f   sfc_debugmsvc:sfcdebug.obj
 0001:00014620       _sf_debug_unload_machine   10015620 f   sfc_debugmsvc:sfcdebug.obj
 0001:000147d0       _sf_debug_load_machine     100157d0 f   sfc_debugmsvc:sfcdebug.obj
 0001:00014890       _sf_debug_set_active_instance_in_data_dictionary 10015890 f   sfc_debugmsvc:sfcdebug.obj
 0001:00014a20       _sf_debug_set_active_instance 10015a20 f   sfc_debugmsvc:sfcdebug.obj
 0001:00014b80       _sf_debug_chart_visiblity_change 10015b80 f   sfc_debugmsvc:sfcdebug.obj
 0001:00014c30       _sf_debug_select_chart     10015c30 f   sfc_debugmsvc:sfcdebug.obj
 0001:00014cd0       _sf_debug_set_instance_cv_ids 10015cd0 f   sfc_debugmsvc:sfcdebug.obj
 0001:00014e70       _sf_debug_set_script_cv_ids 10015e70 f   sfc_debugmsvc:sfcdebug.obj
 0001:00014f50       _sf_debug_select_charts    10015f50 f   sfc_debugmsvc:sfcdebug.obj
 0001:00015030       _sf_debug_initialized      10016030 f   sfc_debugmsvc:sfcdebug.obj
 0001:00015040       _sf_debug_is_uninterruptible 10016040 f   sfc_debugmsvc:sfcdebug.obj
 0001:00015070       _sf_debug_initialize_debugger_gui 10016070 f   sfc_debugmsvc:sfcdebug.obj
 0001:000153d0       _sf_debug_resume           100163d0 f   sfc_debugmsvc:sfcdebug.obj
 0001:000153f0       _sf_debug_go               100163f0 f   sfc_debugmsvc:sfcdebug.obj
 0001:00015400       _sf_debug_break            10016400 f   sfc_debugmsvc:sfcdebug.obj
 0001:00015410       _sf_debug_step_over        10016410 f   sfc_debugmsvc:sfcdebug.obj
 0001:00015420       _sf_debug_step_out         10016420 f   sfc_debugmsvc:sfcdebug.obj
 0001:00015430       _sf_debug_set_disable_all_breakpoints 10016430 f   sfc_debugmsvc:sfcdebug.obj
 0001:00015440       _sf_debug_disable_all_breakpoints_and_go 10016440 f   sfc_debugmsvc:sfcdebug.obj
 0001:00015450       _sf_debug_break_on_chart_entry 10016450 f   sfc_debugmsvc:sfcdebug.obj
 0001:00015460       _sf_debug_break_on_event_broadcast 10016460 f   sfc_debugmsvc:sfcdebug.obj
 0001:00015470       _sf_debug_break_on_state_entry 10016470 f   sfc_debugmsvc:sfcdebug.obj
 0001:00015480       _sf_debug_break_between_times 10016480 f   sfc_debugmsvc:sfcdebug.obj
 0001:000154c0       _sf_debug_browse_data      100164c0 f   sfc_debugmsvc:sfcdebug.obj
 0001:000154e0       _sf_debug_watch_data       100164e0 f   sfc_debugmsvc:sfcdebug.obj
 0001:00015500       _sf_debug_assign_data      10016500 f   sfc_debugmsvc:sfcdebug.obj
 0001:00015520       _sf_debug_whos             10016520 f   sfc_debugmsvc:sfcdebug.obj
 0001:00015540       _sf_debug_get_consistency_info 10016540 f   sfc_debugmsvc:sfcdebug.obj
 0001:00015560       _sf_debug_browse_trace     10016560 f   sfc_debugmsvc:sfcdebug.obj
 0001:00015580       _sf_debug_set_breakpoints  10016580 f   sfc_debugmsvc:sfcdebug.obj
 0001:00015630       _sf_debug_set_eml_breakpoints 10016630 f   sfc_debugmsvc:sfcdebug.obj
 0001:00015740       _sf_debug_set_script_breakpoints 10016740 f   sfc_debugmsvc:sfcdebug.obj
 0001:000157a0       _sf_debug_add_script_breakpoints 100167a0 f   sfc_debugmsvc:sfcdebug.obj
 0001:000157f0       _sf_debug_clear_script_breakpoints 100167f0 f   sfc_debugmsvc:sfcdebug.obj
 0001:00015840       _sf_debug_query_script_breakpoints 10016840 f   sfc_debugmsvc:sfcdebug.obj
 0001:000158d0       _sf_debug_get_eml_script_id 100168d0 f   sfc_debugmsvc:sfcdebug.obj
 0001:00015920       _sf_debug_set_watch        10016920 f   sfc_debugmsvc:sfcdebug.obj
 0001:00015ae0       _sf_debug_get_coverage     10016ae0 f   sfc_debugmsvc:sfcdebug.obj
 0001:00015b00       _sf_debug_get_instance_handle 10016b00 f   sfc_debugmsvc:sfcdebug.obj
 0001:00015b90       _sf_debug_get_active_states 10016b90 f   sfc_debugmsvc:sfcdebug.obj
 0001:00015bb0       _sf_debug_get_animation    10016bb0 f   sfc_debugmsvc:sfcdebug.obj
 0001:00015bc0       _sf_debug_set_animation    10016bc0 f   sfc_debugmsvc:sfcdebug.obj
 0001:00015bd0       _sf_debug_animate          10016bd0 f   sfc_debugmsvc:sfcdebug.obj
 0001:00015c00       _sf_debug_cycle_detection_check 10016c00 f   sfc_debugmsvc:sfcdebug.obj
 0001:00015c10       _sf_debug_data_range_check 10016c10 f   sfc_debugmsvc:sfcdebug.obj
 0001:00015c20       _sf_debug_transition_conflict_check 10016c20 f   sfc_debugmsvc:sfcdebug.obj
 0001:00015c30       _sf_debug_state_consistency_check 10016c30 f   sfc_debugmsvc:sfcdebug.obj
 0001:00015c40       _sf_debug_data_range_check_enabled 10016c40 f   sfc_debugmsvc:sfcdebug.obj
 0001:00015c60       _sf_debug_transition_conflict_check_enabled 10016c60 f   sfc_debugmsvc:sfcdebug.obj
 0001:00015c80       _sf_debug_transition_conflict_check_begin 10016c80 f   sfc_debugmsvc:sfcdebug.obj
 0001:00015c90       _sf_debug_transition_conflict_check_end 10016c90 f   sfc_debugmsvc:sfcdebug.obj
 0001:00015ca0       _sf_debug_stop_debugging   10016ca0 f   sfc_debugmsvc:sfcdebug.obj
 0001:00015cd0       _sf_debug_is_cycle_detected 10016cd0 f   sfc_debugmsvc:sfcdebug.obj
 0001:00015ce0       _sf_debug_is_array_bounds_detected 10016ce0 f   sfc_debugmsvc:sfcdebug.obj
 0001:00015cf0       _sf_debug_get_state_vectors_data_size 10016cf0 f   sfc_debugmsvc:sfcdebug.obj
 0001:00015d40       _sf_debug_get_state_vectors_data 10016d40 f   sfc_debugmsvc:sfcdebug.obj
 0001:00015e10       _sf_debug_set_state_vectors_data 10016e10 f   sfc_debugmsvc:sfcdebug.obj
 0001:00015ee0       _sf_debug_get_script_index 10016ee0 f   sfc_debugmsvc:sfcdebug.obj
 0001:00015f30       _sf_debug_ensure_script    10016f30 f   sfc_debugmsvc:sfcdebug.obj
 0001:00015f70       _sf_debug_add_script       10016f70 f   sfc_debugmsvc:sfcdebug.obj
 0001:000162c0       _cv_eval_point             100172c0 f   sfc_debugmsvc:sfcdebug.obj
 0001:00016390       _sf_debug_cv_init_state    10017390 f   sfc_debugmsvc:sfcdebug.obj
 0001:00016430       _sf_debug_cv_init_chart    10017430 f   sfc_debugmsvc:sfcdebug.obj
 0001:000164b0       _sf_debug_cv_init_trans    100174b0 f   sfc_debugmsvc:sfcdebug.obj
 0001:00016540       _cv_eml_init_script        10017540 f   sfc_debugmsvc:sfcdebug.obj
 0001:00016610       _cv_eml_init_fcn           10017610 f   sfc_debugmsvc:sfcdebug.obj
 0001:00016670       _cv_eml_init_testobjective 10017670 f   sfc_debugmsvc:sfcdebug.obj
 0001:000166d0       _cv_eml_init_if            100176d0 f   sfc_debugmsvc:sfcdebug.obj
 0001:00016730       _cv_eml_init_for           10017730 f   sfc_debugmsvc:sfcdebug.obj
 0001:00016780       _cv_eml_init_while         10017780 f   sfc_debugmsvc:sfcdebug.obj
 0001:000167d0       _cv_eml_init_mcdc          100177d0 f   sfc_debugmsvc:sfcdebug.obj
 0001:00016840       _cv_eml_init_switch        10017840 f   sfc_debugmsvc:sfcdebug.obj
 0001:000168a0       _cv_eml_eval               100178a0 f   sfc_debugmsvc:sfcdebug.obj
 0001:00016900       _cv_script_init_script     10017900 f   sfc_debugmsvc:sfcdebug.obj
 0001:000169b0       _cv_script_init_fcn        100179b0 f   sfc_debugmsvc:sfcdebug.obj
 0001:00016a10       _cv_script_init_testobjective 10017a10 f   sfc_debugmsvc:sfcdebug.obj
 0001:00016a70       _cv_script_init_if         10017a70 f   sfc_debugmsvc:sfcdebug.obj
 0001:00016ad0       _cv_script_init_for        10017ad0 f   sfc_debugmsvc:sfcdebug.obj
 0001:00016b20       _cv_script_init_while      10017b20 f   sfc_debugmsvc:sfcdebug.obj
 0001:00016b70       _cv_script_init_mcdc       10017b70 f   sfc_debugmsvc:sfcdebug.obj
 0001:00016be0       _cv_script_init_switch     10017be0 f   sfc_debugmsvc:sfcdebug.obj
 0001:00016c40       _cv_script_eval            10017c40 f   sfc_debugmsvc:sfcdebug.obj
 0001:00016ca0       _sf_debug_bm_is_a_eml_breakpoint 10017ca0 f   sfc_debugmsvc:sfcdebug.obj
 0001:00016e00       _eml_debug_line_call       10017e00 f   sfc_debugmsvc:sfcdebug.obj
 0001:00016ef0       _sf_debug_api              10017ef0 f   sfc_debugmsvc:sfc_api.obj
 0001:00018330       _sf_debug_hm_initialize_machine 10019330 f   sfc_debugmsvc:sfdb_handle_management.obj
 0001:000189e0       _sf_debug_hm_initialize_instance 100199e0 f   sfc_debugmsvc:sfdb_handle_management.obj
 0001:00018fa0       _sf_debug_hm_initialize_ids_in_machine 10019fa0 f   sfc_debugmsvc:sfdb_handle_management.obj
 0001:00019100       _sf_debug_hm_initialize_ids_in_chart 1001a100 f   sfc_debugmsvc:sfdb_handle_management.obj
 0001:00019220       _sf_debug_hm_initialize_chart 1001a220 f   sfc_debugmsvc:sfdb_handle_management.obj
 0001:000198e0       _sf_debug_hm_terminate     1001a8e0 f   sfc_debugmsvc:sfdb_handle_management.obj
 0001:00019940       _sf_debug_hm_get_object_id 1001a940 f   sfc_debugmsvc:sfdb_handle_management.obj
 0001:0001b4c0       _sf_debug_object_is_eml_function 1001c4c0 f   sfc_debugmsvc:sfdb_handle_management.obj
 0001:0001b520       _sf_debug_st_initialize_machine 1001c520 f   sfc_debugmsvc:sfdb_data_browse.obj
 0001:0001b5e0       _sf_debug_st_initialize_instance 1001c5e0 f   sfc_debugmsvc:sfdb_data_browse.obj
 0001:0001b6c0       _sf_debug_st_terminate     1001c6c0 f   sfc_debugmsvc:sfdb_data_browse.obj
 0001:0001b8b0       _sf_debug_st_set_data_value_ptr_in_machine 1001c8b0 f   sfc_debugmsvc:sfdb_data_browse.obj
 0001:0001b930       _sf_debug_st_set_data_value_ptr_in_instance 1001c930 f   sfc_debugmsvc:sfdb_data_browse.obj
 0001:0001b9b0       _sf_debug_st_unset_data_value_ptr_in_machine 1001c9b0 f   sfc_debugmsvc:sfdb_data_browse.obj
 0001:0001ba30       _sf_debug_st_unset_data_value_ptr_in_instance 1001ca30 f   sfc_debugmsvc:sfdb_data_browse.obj
 0001:0001baa0       _sf_debug_mx_value         1001caa0 f   sfc_debugmsvc:sfdb_data_browse.obj
 0001:0001baf0       _sf_debug_mx_packed_vector 1001caf0 f   sfc_debugmsvc:sfdb_data_browse.obj
 0001:0001bb90       _sf_debug_mx_uint_vector   1001cb90 f   sfc_debugmsvc:sfdb_data_browse.obj
 0001:0001bc10       _sf_debug_st_get_double_value_from_void_ptr_vector 1001cc10 f   sfc_debugmsvc:sfdb_data_browse.obj
 0001:0001bf20       _sf_debug_st_browse_data   1001cf20 f   sfc_debugmsvc:sfdb_data_browse.obj
 0001:0001cb80       _sf_debug_sc_terminate     1001db80 f   sfc_debugmsvc:sfdb_state_consistency.obj
 0001:0001cc90       _sf_debug_sc_is_chart_consistent 1001dc90 f   sfc_debugmsvc:sfdb_state_consistency.obj
 0001:0001d070       _sf_debug_sc_get_consistency_error_info 1001e070 f   sfc_debugmsvc:sfdb_state_consistency.obj
 0001:0001d510       _cv_create_interface       1001e510 f   sfc_debugmsvc:cv_sfinterface.obj
 0001:0001d800       _cv_init_trans             1001e800 f   sfc_debugmsvc:cv_sfinterface.obj
 0001:0001d850       _cv_init_state             1001e850 f   sfc_debugmsvc:cv_sfinterface.obj
 0001:0001d8b0       _cv_init_chart             1001e8b0 f   sfc_debugmsvc:cv_sfinterface.obj
 0001:0001d900       _cv_dec_update_call        1001e900 f   sfc_debugmsvc:cv_sfinterface.obj
 0001:0001d940       _cv_cond_update_call       1001e940 f   sfc_debugmsvc:cv_sfinterface.obj
 0001:0001d980       _cv_sigrange_update        1001e980 f   sfc_debugmsvc:cv_sfinterface.obj
 0001:0001d9c0       _cvsf_eml_eval             1001e9c0 f   sfc_debugmsvc:cv_sfinterface.obj
 0001:0001daa0       _cvsf_eml_init_script      1001eaa0 f   sfc_debugmsvc:cv_sfinterface.obj
 0001:0001db00       _cvsf_eml_init_fcn         1001eb00 f   sfc_debugmsvc:cv_sfinterface.obj
 0001:0001db60       _cvsf_eml_init_testobjective 1001eb60 f   sfc_debugmsvc:cv_sfinterface.obj
 0001:0001dbc0       _cvsf_eml_init_if          1001ebc0 f   sfc_debugmsvc:cv_sfinterface.obj
 0001:0001dc20       _cvsf_eml_init_for         1001ec20 f   sfc_debugmsvc:cv_sfinterface.obj
 0001:0001dc80       _cvsf_eml_init_while       1001ec80 f   sfc_debugmsvc:cv_sfinterface.obj
 0001:0001dce0       _cvsf_eml_init_mcdc        1001ece0 f   sfc_debugmsvc:cv_sfinterface.obj
 0001:0001dd50       _cvsf_eml_init_switch      1001ed50 f   sfc_debugmsvc:cv_sfinterface.obj
 0001:0001ddb0       _cvsf_script_eval          1001edb0 f   sfc_debugmsvc:cv_sfinterface.obj
 0001:0001de90       _cvsf_script_init_script   1001ee90 f   sfc_debugmsvc:cv_sfinterface.obj
 0001:0001def0       _cvsf_script_init_fcn      1001eef0 f   sfc_debugmsvc:cv_sfinterface.obj
 0001:0001df50       _cvsf_script_init_testobjective 1001ef50 f   sfc_debugmsvc:cv_sfinterface.obj
 0001:0001dfb0       _cvsf_script_init_if       1001efb0 f   sfc_debugmsvc:cv_sfinterface.obj
 0001:0001e010       _cvsf_script_init_for      1001f010 f   sfc_debugmsvc:cv_sfinterface.obj
 0001:0001e060       _cvsf_script_init_while    1001f060 f   sfc_debugmsvc:cv_sfinterface.obj
 0001:0001e0b0       _cvsf_script_init_mcdc     1001f0b0 f   sfc_debugmsvc:cv_sfinterface.obj
 0001:0001e120       _cvsf_script_init_switch   1001f120 f   sfc_debugmsvc:cv_sfinterface.obj
 0001:0001e180       _cv_destroy_interface      1001f180 f   sfc_debugmsvc:cv_sfinterface.obj
 0001:0001e1a0       _cv_create_instance_objects 1001f1a0 f   sfc_debugmsvc:cv_sfinterface.obj
 0001:0001e490       _cv_is_enabled             1001f490 f   sfc_debugmsvc:cv_sfinterface.obj
 0001:0001e4a0       _sf_debug_cv_initialize_script 1001f4a0 f   sfc_debugmsvc:cv_sfinterface.obj
 0001:0001e630       _sf_debug_cv_initialize_instance 1001f630 f   sfc_debugmsvc:cv_sfinterface.obj
 0001:0001e940       _sf_debug_cv_terminate_chart 1001f940 f   sfc_debugmsvc:cv_sfinterface.obj
 0001:0001ea50       _cv_call_trans_test        1001fa50 f   sfc_debugmsvc:cv_sfinterface.obj
 0001:0001ea60       _cv_call_sub_cond_test     1001fa60 f   sfc_debugmsvc:cv_sfinterface.obj
 0001:0001ea80       _sf_debug_sm_initialize_instance 1001fa80 f   sfc_debugmsvc:sfdb_animation.obj
 0001:0001ede0       _sf_debug_sm_terminate     1001fde0 f   sfc_debugmsvc:sfdb_animation.obj
 0001:0001ef50       _sf_debug_reset_path_objects 1001ff50 f   sfc_debugmsvc:sfdb_animation.obj
 0001:0001efe0       _sf_debug_sm_reset_object_selection_status 1001ffe0 f   sfc_debugmsvc:sfdb_animation.obj
 0001:0001f090       _sf_debug_sm_reset_state_buffer 10020090 f   sfc_debugmsvc:sfdb_animation.obj
 0001:0001f170       _sf_debug_sm_store_state_buffer 10020170 f   sfc_debugmsvc:sfdb_animation.obj
 0001:0001f200       _sf_debug_sm_restore_state_buffer1 10020200 f   sfc_debugmsvc:sfdb_animation.obj
 0001:0001f280       _sf_debug_sm_restore_state_buffer2 10020280 f   sfc_debugmsvc:sfdb_animation.obj
 0001:0001f300       _sf_debug_sm_chart_active  10020300 f   sfc_debugmsvc:sfdb_animation.obj
 0001:0001f360       _sf_debug_sm_change_object_selection_status 10020360 f   sfc_debugmsvc:sfdb_animation.obj
 0001:0001f590       _sf_debug_sm_select_active_objects 10020590 f   sfc_debugmsvc:sfdb_animation.obj
 0001:0001f930       _sf_debug_sm_is_chart_active 10020930 f   sfc_debugmsvc:sfdb_animation.obj
 0001:0001f980       _sf_debug_sm_is_state_active 10020980 f   sfc_debugmsvc:sfdb_animation.obj
 0001:0001fa10       _sf_debug_sm_get_active_states 10020a10 f   sfc_debugmsvc:sfdb_animation.obj
 0001:0001ff90       _sf_debug_tm_terminate     10020f90 f   sfc_debugmsvc:sfdb_call_stack.obj
 0001:00020020       _sf_debug_tm_push_chart_instance 10021020 f   sfc_debugmsvc:sfdb_call_stack.obj
 0001:00020150       _sf_debug_tm_pop_chart_instance 10021150 f   sfc_debugmsvc:sfdb_call_stack.obj
 0001:000201f0       _sf_debug_tm_push_trace_node 100211f0 f   sfc_debugmsvc:sfdb_call_stack.obj
 0001:00020300       _sf_debug_tm_pop_trace_node 10021300 f   sfc_debugmsvc:sfdb_call_stack.obj
 0001:000203f0       _sf_debug_tm_get_current_global_trace_index 100213f0 f   sfc_debugmsvc:sfdb_call_stack.obj
 0001:00020410       _sf_debug_tm_get_current_local_trace_index 10021410 f   sfc_debugmsvc:sfdb_call_stack.obj
 0001:00020440       _sf_debug_tm_set_cycle_detected_flag 10021440 f   sfc_debugmsvc:sfdb_call_stack.obj
 0001:00020480       _sf_debug_tm_set_cycle_started_flag 10021480 f   sfc_debugmsvc:sfdb_call_stack.obj
 0001:000204c0       _sf_debug_tm_get_chart_number_from_stack 100214c0 f   sfc_debugmsvc:sfdb_call_stack.obj
 0001:000204f0       _sf_debug_tm_browse_trace  100214f0 f   sfc_debugmsvc:sfdb_call_stack.obj
 0001:000208f0       _sf_debug_bm_clear_script_breakpoints 100218f0 f   sfc_debugmsvc:sfdb_breakpoints.obj
 0001:00020930       _sf_debug_bm_set_script_breakpoint 10021930 f   sfc_debugmsvc:sfdb_breakpoints.obj
 0001:000209a0       _sf_debug_bm_clear_single_script_breakpoint 100219a0 f   sfc_debugmsvc:sfdb_breakpoints.obj
 0001:00020a10       _sf_debug_bm_query_script_breakpoint 10021a10 f   sfc_debugmsvc:sfdb_breakpoints.obj
 0001:00020a60       _sf_debug_bm_initialize_scripts 10021a60 f   sfc_debugmsvc:sfdb_breakpoints.obj
 0001:00020cc0       _sf_debug_bm_initialize_machine 10021cc0 f   sfc_debugmsvc:sfdb_breakpoints.obj
 0001:00020d70       _sf_debug_bm_initialize_chart 10021d70 f   sfc_debugmsvc:sfdb_breakpoints.obj
 0001:000212b0       _sf_debug_bm_terminate     100222b0 f   sfc_debugmsvc:sfdb_breakpoints.obj
 0001:00021570       _sf_debug_bm_remove_all_breakpoints_in_machine 10022570 f   sfc_debugmsvc:sfdb_breakpoints.obj
 0001:000215d0       _sf_debug_bm_remove_all_breakpoints_in_chart 100225d0 f   sfc_debugmsvc:sfdb_breakpoints.obj
 0001:00021730       _sf_debug_bm_initialize_global_breakpoints 10022730 f   sfc_debugmsvc:sfdb_breakpoints.obj
 0001:000218a0       _sf_debug_bm_get_all_breakpoints_in_machine 100228a0 f   sfc_debugmsvc:sfdb_breakpoints.obj
 0001:00021aa0       _sf_debug_bm_get_all_breakpoints_in_chart 10022aa0 f   sfc_debugmsvc:sfdb_breakpoints.obj
 0001:00022310       _sf_debug_bm_set_breakpoint 10023310 f   sfc_debugmsvc:sfdb_breakpoints.obj
 0001:00022940       _sf_debug_bm_set_eml_breakpoint 10023940 f   sfc_debugmsvc:sfdb_breakpoints.obj
 0001:000229d0       _sf_debug_bm_initialize_machine_breakpoint_map 100239d0 f   sfc_debugmsvc:sfdb_breakpoints.obj
 0001:00022a70       _sf_debug_bm_is_a_breakpoint 10023a70 f   sfc_debugmsvc:sfdb_breakpoints.obj
 0001:00023240       _sf_debug_cd_initialize_instance 10024240 f   sfc_debugmsvc:sfdb_cycle_detection.obj
 0001:000232e0       _sf_debug_cd_terminate     100242e0 f   sfc_debugmsvc:sfdb_cycle_detection.obj
 0001:00023460       _sf_debug_cd_mark_processed_transition_in_instance 10024460 f   sfc_debugmsvc:sfdb_cycle_detection.obj
 0001:00023500       _sf_debug_cd_checksum_push 10024500 f   sfc_debugmsvc:sfdb_cycle_detection.obj
 0001:00023860       _sf_debug_cd_checksum_pop  10024860 f   sfc_debugmsvc:sfdb_cycle_detection.obj
 0001:000238a0       _sf_debug_cd_turn_off_cycle_detection 100248a0 f   sfc_debugmsvc:sfdb_cycle_detection.obj
 0001:000238c0       _sf_debug_cc_initialize_chart 100248c0 f   sfc_debugmsvc:sfdb_coverage.obj
 0001:00024260       _sf_debug_cc_initialize_instance 10025260 f   sfc_debugmsvc:sfdb_coverage.obj
 0001:00024800       _sf_debug_cc_terminate     10025800 f   sfc_debugmsvc:sfdb_coverage.obj
 0001:00024f60       _sf_debug_cc_set_transition_maps 10025f60 f   sfc_debugmsvc:sfdb_coverage.obj
 0001:00025070       _sf_debug_cc_set_state_maps 10026070 f   sfc_debugmsvc:sfdb_coverage.obj
 0001:00025150       _sf_debug_cc_set_transition_weights 10026150 f   sfc_debugmsvc:sfdb_coverage.obj
 0001:00025380       _sf_debug_cc_set_state_weights 10026380 f   sfc_debugmsvc:sfdb_coverage.obj
 0001:00025560       _sf_debug_cc_mark_transition_guard 10026560 f   sfc_debugmsvc:sfdb_coverage.obj
 0001:00025670       _sf_debug_cc_mark_transition_trigger 10026670 f   sfc_debugmsvc:sfdb_coverage.obj
 0001:00025710       _sf_debug_cc_mark_transition_decision 10026710 f   sfc_debugmsvc:sfdb_coverage.obj
 0001:00025780       _sf_debug_cc_mark_transition_condition_action 10026780 f   sfc_debugmsvc:sfdb_coverage.obj
 0001:000257f0       _sf_debug_cc_mark_transition_transition_action 100267f0 f   sfc_debugmsvc:sfdb_coverage.obj
 0001:00025860       _sf_debug_cc_mark_state_entry 10026860 f   sfc_debugmsvc:sfdb_coverage.obj
 0001:000258d0       _sf_debug_cc_mark_state_during 100268d0 f   sfc_debugmsvc:sfdb_coverage.obj
 0001:00025940       _sf_debug_cc_mark_state_exit 10026940 f   sfc_debugmsvc:sfdb_coverage.obj
 0001:000259b0       _sf_debug_cc_get_coverage  100269b0 f   sfc_debugmsvc:sfdb_coverage.obj
 0001:00026450       _sf_debug_ss_initialize    10027450 f   sfc_debugmsvc:sfdb_symbol_scope.obj
 0001:00026470       _sf_debug_ss_terminate     10027470 f   sfc_debugmsvc:sfdb_symbol_scope.obj
 0001:000264e0       _sf_debug_ss_push_symbol_scope 100274e0 f   sfc_debugmsvc:sfdb_symbol_scope.obj
 0001:000265a0       _sf_debug_ss_push_symbol_scope_eml 100275a0 f   sfc_debugmsvc:sfdb_symbol_scope.obj
 0001:000265f0       _sf_debug_ss_pop_symbol_scope 100275f0 f   sfc_debugmsvc:sfdb_symbol_scope.obj
 0001:00026690       _sf_debug_ss_add_symbol    10027690 f   sfc_debugmsvc:sfdb_symbol_scope.obj
 0001:000267b0       _sf_debug_ss_add_symbol_eml 100277b0 f   sfc_debugmsvc:sfdb_symbol_scope.obj
 0001:00026860       _sf_debug_ss_set_data_value 10027860 f   sfc_debugmsvc:sfdb_symbol_scope.obj
 0001:00026a20       _sf_debug_ss_watch_data    10027a20 f   sfc_debugmsvc:sfdb_symbol_scope.obj
 0001:00027520       _sf_debug_ss_assign_data   10028520 f   sfc_debugmsvc:sfdb_symbol_scope.obj
 0001:000275b0       _get_data_entry_name       100285b0 f   sfc_debugmsvc:sfdb_symbol_scope.obj
 0001:00027600       _sf_debug_ss_whos          10028600 f   sfc_debugmsvc:sfdb_symbol_scope.obj
 0001:00028180       _md5_get_hash_for_a_single_string 10029180 f   sfc_debugmsvc:ckmd5.obj
 0001:000281b0       _md5_initialize_state      100291b0 f   sfc_debugmsvc:ckmd5.obj
 0001:000281c0       _md5_update_state          100291c0 f   sfc_debugmsvc:ckmd5.obj
 0001:000281e0       _md5_get_hash              100291e0 f   sfc_debugmsvc:ckmd5.obj
 0001:00028d20       _mxGetPr                   10029d20 f   libmx:libmx.dll
 0001:00028d26       _mxCreateDoubleScalar      10029d26 f   libmx:libmx.dll
 0001:00028d2c       _mxSetField_730            10029d2c f   libmx:libmx.dll
 0001:00028d32       _mxCreateDoubleMatrix_730  10029d32 f   libmx:libmx.dll
 0001:00028d38       _mxCreateStructMatrix_730  10029d38 f   libmx:libmx.dll
 0001:00028d3e       _mxDestroyArray            10029d3e f   libmx:libmx.dll
 0001:00028d44       _mxCreateString            10029d44 f   libmx:libmx.dll
 0001:00028d4a       _mxDuplicateArray          10029d4a f   libmx:libmx.dll
 0001:00028d50       _mxGetString_730           10029d50 f   libmx:libmx.dll
 0001:00028d56       _mxIsChar                  10029d56 f   libmx:libmx.dll
 0001:00028d5c       _mxGetClassID              10029d5c f   libmx:libmx.dll
 0001:00028d62       _mxIsNumeric               10029d62 f   libmx:libmx.dll
 0001:00028d68       _mxIsComplex               10029d68 f   libmx:libmx.dll
 0001:00028d6e       _mxGetN                    10029d6e f   libmx:libmx.dll
 0001:00028d74       _mxGetM                    10029d74 f   libmx:libmx.dll
 0001:00028d7a       _mxCalloc                  10029d7a f   libmx:libmx.dll
 0001:00028d80       _mxGetScalar               10029d80 f   libmx:libmx.dll
 0001:00028d86       _mxIsLogical               10029d86 f   libmx:libmx.dll
 0001:00028d8c       _mxIsNaN                   10029d8c f   libmx:libmx.dll
 0001:00028d92       _mxIsEmpty                 10029d92 f   libmx:libmx.dll
 0001:00028d98       _mxGetClassName            10029d98 f   libmx:libmx.dll
 0001:00028d9e       _mxCreateDoubleMatrix_700  10029d9e f   libmx:libmx.dll
 0001:00028da4       _mxGetData                 10029da4 f   libmx:libmx.dll
 0001:00028daa       _mxGetImagData             10029daa f   libmx:libmx.dll
 0001:00028db0       _mxFree                    10029db0 f   libmx:libmx.dll
 0001:00028db6       _mxCreateNumericMatrix_700 10029db6 f   libmx:libmx.dll
 0001:00028dbc       _mxArrayToString           10029dbc f   libmx:libmx.dll
 0001:00028dc2       _mxSetField_700            10029dc2 f   libmx:libmx.dll
 0001:00028dc8       _mxAddField                10029dc8 f   libmx:libmx.dll
 0001:00028dce       _mxGetField_700            10029dce f   libmx:libmx.dll
 0001:00028dd4       _mxGetNumberOfElements     10029dd4 f   libmx:libmx.dll
 0001:00028dda       _mxIsStruct                10029dda f   libmx:libmx.dll
 0001:00028de0       _mxIsClass                 10029de0 f   libmx:libmx.dll
 0001:00028de6       _mxGetLogicals             10029de6 f   libmx:libmx.dll
 0001:00028dec       _mxGetFieldNumber          10029dec f   libmx:libmx.dll
 0001:00028df2       _mxGetNumberOfFields       10029df2 f   libmx:libmx.dll
 0001:00028df8       _mxIsSparse                10029df8 f   libmx:libmx.dll
 0001:00028dfe       _mxGetElementSize          10029dfe f   libmx:libmx.dll
 0001:00028e04       _mxCreateStringFromNChars_700 10029e04 f   libmx:libmx.dll
 0001:00028e0a       _mxCreateNumericArray_700  10029e0a f   libmx:libmx.dll
 0001:00028e10       _mxCreateStructArray_700   10029e10 f   libmx:libmx.dll
 0001:00028e16       _mxCreateCellMatrix_700    10029e16 f   libmx:libmx.dll
 0001:00028e1c       _mxSetCell_700             10029e1c f   libmx:libmx.dll
 0001:00028e22       _mxGetCell_700             10029e22 f   libmx:libmx.dll
 0001:00028e28       _mxGetDimensions_700       10029e28 f   libmx:libmx.dll
 0001:00028e2e       _mxGetNumberOfDimensions_700 10029e2e f   libmx:libmx.dll
 0001:00028e34       _mxArrayClassIDName        10029e34 f   libmx:libmx.dll
 0001:00028e3a       _mxCalcSingleSubscript_700 10029e3a f   libmx:libmx.dll
 0001:00028e40       _mxSetFieldByNumber_700    10029e40 f   libmx:libmx.dll
 0001:00028e46       _mxGetFieldByNumber_700    10029e46 f   libmx:libmx.dll
 0001:00028e4c       _mxGetFieldNameByNumber    10029e4c f   libmx:libmx.dll
 0001:00028e52       _mxCreateStructMatrix_700  10029e52 f   libmx:libmx.dll
 0001:00028e58       _mxGetString_700           10029e58 f   libmx:libmx.dll
 0001:00028e5e       _mxIsLogicalScalarTrue     10029e5e f   libmx:libmx.dll
 0001:00028e64       _mxCreateLogicalScalar     10029e64 f   libmx:libmx.dll
 0001:00028e6a       _mexUnlock                 10029e6a f   libmex:libmex.dll
 0001:00028e70       _mexIsLocked               10029e70 f   libmex:libmex.dll
 0001:00028e76       _mexWarnMsgTxt             10029e76 f   libmex:libmex.dll
 0001:00028e7c       _mexCallMATLAB             10029e7c f   libmex:libmex.dll
 0001:00028e82       _mexErrMsgTxt              10029e82 f   libmex:libmex.dll
 0001:00028e88       _mexPutVariable            10029e88 f   libmex:libmex.dll
 0001:00028e8e       _mexGetVariable            10029e8e f   libmex:libmex.dll
 0001:00028e94       _mexSetTrapFlag            10029e94 f   libmex:libmex.dll
 0001:00028e9a       _mexMakeArrayPersistent    10029e9a f   libmex:libmex.dll
 0001:00028ea0       _mexLock                   10029ea0 f   libmex:libmex.dll
 0001:00028ea6       _mexMakeMemoryPersistent   10029ea6 f   libmex:libmex.dll
 0001:00028eac       _mexFunctionName           10029eac f   libmex:libmex.dll
 0001:00028eb2       _ssRegisterDataTypeFxpFSlopeFixExpBias 10029eb2 f   libfixedpoint:libfixedpoint.dll
 0001:00028eb8       _utVSNprintf               10029eb8 f   libut:libut.dll
 0001:00028ebe       _utCPUtime                 10029ebe f   libut:libut.dll
 0001:00028ec4       _utFree                    10029ec4 f   libut:libut.dll
 0001:00028eca       _utMalloc                  10029eca f   libut:libut.dll
 0001:00028ed0       _muDoubleScalarCeil        10029ed0 f   libmwmathutil:libmwmathutil.dll
 0001:00028ed6       _muDoubleScalarFloor       10029ed6 f   libmwmathutil:libmwmathutil.dll
 0001:00028edc       _emlrtExtractMessageId     10029edc f   libemlrt:libemlrt.dll
 0001:00028ee2       _emlrtCheckBuiltInCtxR2011a 10029ee2 f   libemlrt:libemlrt.dll
 0001:00028ee8       _emlrtCheckVsBuiltInCtxR2011a 10029ee8 f   libemlrt:libemlrt.dll
 0001:00028eee       _emlrtCheckEnumR2009a      10029eee f   libemlrt:libemlrt.dll
 0001:00028ef4       _emlrtCreateEnumR2010a     10029ef4 f   libemlrt:libemlrt.dll
 0001:00028efa       _emlrtGetEnumElementR2009a 10029efa f   libemlrt:libemlrt.dll
 0001:00028f00       _emlrtCreateReference      10029f00 f   libemlrt:libemlrt.dll
 0001:00028f06       _emlrtGetEnumUnderlyingArrayR2009a 10029f06 f   libemlrt:libemlrt.dll
 0001:00028f0c       _emlrtIsEnumR2009a         10029f0c f   libemlrt:libemlrt.dll
 0001:00028f12       _emlrtImportVsFiArrayR2009b 10029f12 f   libemlrt:libemlrt.dll
 0001:00028f18       _emlrtTranslateMessageIDtoLCPstring 10029f18 f   libemlrt:libemlrt.dll
 0001:00028f1e       _strlen                    10029f1e f   MSVCRT:MSVCRT.dll
 0001:00028f30       _memset                    10029f30 f   MSVCRT:MSVCRT.dll
 0001:00028f36       _malloc                    10029f36 f   MSVCRT:MSVCRT.dll
 0001:00028f3c       __ftol                     10029f3c f   MSVCRT:MSVCRT.dll
 0001:00028f42       _free                      10029f42 f   MSVCRT:MSVCRT.dll
 0001:00028f48       _strcmp                    10029f48 f   MSVCRT:MSVCRT.dll
 0001:00028f4e       _sprintf                   10029f4e f   MSVCRT:MSVCRT.dll
 0001:00028f54       _strcat                    10029f54 f   MSVCRT:MSVCRT.dll
 0001:00028f5a       _memcpy                    10029f5a f   MSVCRT:MSVCRT.dll
 0001:00028f60       __CRT_INIT@12              10029f60 f   MSVCRT:crtdll.obj
 0001:0002900b       __DllMainCRTStartup@12     1002a00b f   MSVCRT:crtdll.obj
 0001:000290a8       _strrchr                   1002a0a8 f   MSVCRT:MSVCRT.dll
 0001:000290ae       _strncpy                   1002a0ae f   MSVCRT:MSVCRT.dll
 0001:000290c0       __alloca_probe             1002a0c0 f   MSVCRT:chkstk.obj
 0001:000290c0       __chkstk                   1002a0c0 f   MSVCRT:chkstk.obj
 0001:000290f0       _longjmp                   1002a0f0 f   MSVCRT:MSVCRT.dll
 0001:000290f6       _strncmp                   1002a0f6 f   MSVCRT:MSVCRT.dll
 0001:000290fc       _ceil                      1002a0fc f   MSVCRT:MSVCRT.dll
 0001:00029102       __setjmp3                  1002a102 f   MSVCRT:MSVCRT.dll
 0001:00029108       _ldexp                     1002a108 f   MSVCRT:MSVCRT.dll
 0001:0002910e       _calloc                    1002a10e f   MSVCRT:MSVCRT.dll
 0001:00029114       _realloc                   1002a114 f   MSVCRT:MSVCRT.dll
 0001:0002911a       __initterm                 1002a11a f   MSVCRT:MSVCRT.dll
 0001:00029120       __onexit                   1002a120 f   MSVCRT:atonexit.obj
 0001:0002914c       _atexit                    1002a14c f   MSVCRT:atonexit.obj
 0001:0002915e       _DllMain@12                1002a15e f   MSVCRT:dllmain.obj
 0001:0002917e       ___dllonexit               1002a17e f   MSVCRT:MSVCRT.dll
 0001:00029184       _DisableThreadLibraryCalls@4 1002a184 f   kernel32:KERNEL32.dll
 0002:00000000       __imp__DisableThreadLibraryCalls@4 1002b000     kernel32:KERNEL32.dll
 0002:00000004       \177KERNEL32_NULL_THUNK_DATA 1002b004     kernel32:KERNEL32.dll
 0002:00000008       __imp___onexit             1002b008     MSVCRT:MSVCRT.dll
 0002:0000000c       __imp____dllonexit         1002b00c     MSVCRT:MSVCRT.dll
 0002:00000010       __imp___adjust_fdiv        1002b010     MSVCRT:MSVCRT.dll
 0002:00000014       __imp___initterm           1002b014     MSVCRT:MSVCRT.dll
 0002:00000018       __imp__realloc             1002b018     MSVCRT:MSVCRT.dll
 0002:0000001c       __imp__calloc              1002b01c     MSVCRT:MSVCRT.dll
 0002:00000020       __imp__ldexp               1002b020     MSVCRT:MSVCRT.dll
 0002:00000024       __imp___setjmp3            1002b024     MSVCRT:MSVCRT.dll
 0002:00000028       __imp__ceil                1002b028     MSVCRT:MSVCRT.dll
 0002:0000002c       __imp__strncmp             1002b02c     MSVCRT:MSVCRT.dll
 0002:00000030       __imp__longjmp             1002b030     MSVCRT:MSVCRT.dll
 0002:00000034       __imp__strncpy             1002b034     MSVCRT:MSVCRT.dll
 0002:00000038       __imp__strrchr             1002b038     MSVCRT:MSVCRT.dll
 0002:0000003c       __imp__memcpy              1002b03c     MSVCRT:MSVCRT.dll
 0002:00000040       __imp__strcat              1002b040     MSVCRT:MSVCRT.dll
 0002:00000044       __imp__sprintf             1002b044     MSVCRT:MSVCRT.dll
 0002:00000048       __imp__strcmp              1002b048     MSVCRT:MSVCRT.dll
 0002:0000004c       __imp__free                1002b04c     MSVCRT:MSVCRT.dll
 0002:00000050       __imp___ftol               1002b050     MSVCRT:MSVCRT.dll
 0002:00000054       __imp__malloc              1002b054     MSVCRT:MSVCRT.dll
 0002:00000058       __imp__memset              1002b058     MSVCRT:MSVCRT.dll
 0002:0000005c       __imp__strlen              1002b05c     MSVCRT:MSVCRT.dll
 0002:00000060       \177MSVCRT_NULL_THUNK_DATA 1002b060     MSVCRT:MSVCRT.dll
 0002:00000064       __imp__emlrtTranslateMessageIDtoLCPstring 1002b064     libemlrt:libemlrt.dll
 0002:00000068       __imp__emlrtImportVsFiArrayR2009b 1002b068     libemlrt:libemlrt.dll
 0002:0000006c       __imp__emlrtIsEnumR2009a   1002b06c     libemlrt:libemlrt.dll
 0002:00000070       __imp__emlrtGetEnumUnderlyingArrayR2009a 1002b070     libemlrt:libemlrt.dll
 0002:00000074       __imp__emlrtCreateReference 1002b074     libemlrt:libemlrt.dll
 0002:00000078       __imp__emlrtGetEnumElementR2009a 1002b078     libemlrt:libemlrt.dll
 0002:0000007c       __imp__emlrtCreateEnumR2010a 1002b07c     libemlrt:libemlrt.dll
 0002:00000080       __imp__emlrtCheckEnumR2009a 1002b080     libemlrt:libemlrt.dll
 0002:00000084       __imp__emlrtCheckVsBuiltInCtxR2011a 1002b084     libemlrt:libemlrt.dll
 0002:00000088       __imp__emlrtCheckBuiltInCtxR2011a 1002b088     libemlrt:libemlrt.dll
 0002:0000008c       __imp__emlrtExtractMessageId 1002b08c     libemlrt:libemlrt.dll
 0002:00000090       \177libemlrt_NULL_THUNK_DATA 1002b090     libemlrt:libemlrt.dll
 0002:00000094       __imp__ssRegisterDataTypeFxpFSlopeFixExpBias 1002b094     libfixedpoint:libfixedpoint.dll
 0002:00000098       \177libfixedpoint_NULL_THUNK_DATA 1002b098     libfixedpoint:libfixedpoint.dll
 0002:0000009c       __imp__mexFunctionName     1002b09c     libmex:libmex.dll
 0002:000000a0       __imp__mexMakeMemoryPersistent 1002b0a0     libmex:libmex.dll
 0002:000000a4       __imp__mexLock             1002b0a4     libmex:libmex.dll
 0002:000000a8       __imp__mexMakeArrayPersistent 1002b0a8     libmex:libmex.dll
 0002:000000ac       __imp__mexSetTrapFlag      1002b0ac     libmex:libmex.dll
 0002:000000b0       __imp__mexGetVariable      1002b0b0     libmex:libmex.dll
 0002:000000b4       __imp__mexPutVariable      1002b0b4     libmex:libmex.dll
 0002:000000b8       __imp__mexErrMsgTxt        1002b0b8     libmex:libmex.dll
 0002:000000bc       __imp__mexCallMATLAB       1002b0bc     libmex:libmex.dll
 0002:000000c0       __imp__mexWarnMsgTxt       1002b0c0     libmex:libmex.dll
 0002:000000c4       __imp__mexIsLocked         1002b0c4     libmex:libmex.dll
 0002:000000c8       __imp__mexUnlock           1002b0c8     libmex:libmex.dll
 0002:000000cc       \177libmex_NULL_THUNK_DATA 1002b0cc     libmex:libmex.dll
 0002:000000d0       __imp__muDoubleScalarCeil  1002b0d0     libmwmathutil:libmwmathutil.dll
 0002:000000d4       __imp__muDoubleScalarFloor 1002b0d4     libmwmathutil:libmwmathutil.dll
 0002:000000d8       \177libmwmathutil_NULL_THUNK_DATA 1002b0d8     libmwmathutil:libmwmathutil.dll
 0002:000000dc       __imp__mxCreateStructMatrix_700 1002b0dc     libmx:libmx.dll
 0002:000000e0       __imp__mxGetFieldNameByNumber 1002b0e0     libmx:libmx.dll
 0002:000000e4       __imp__mxGetFieldByNumber_700 1002b0e4     libmx:libmx.dll
 0002:000000e8       __imp__mxSetFieldByNumber_700 1002b0e8     libmx:libmx.dll
 0002:000000ec       __imp__mxCalcSingleSubscript_700 1002b0ec     libmx:libmx.dll
 0002:000000f0       __imp__mxArrayClassIDName  1002b0f0     libmx:libmx.dll
 0002:000000f4       __imp__mxGetNumberOfDimensions_700 1002b0f4     libmx:libmx.dll
 0002:000000f8       __imp__mxGetDimensions_700 1002b0f8     libmx:libmx.dll
 0002:000000fc       __imp__mxGetCell_700       1002b0fc     libmx:libmx.dll
 0002:00000100       __imp__mxCreateLogicalScalar 1002b100     libmx:libmx.dll
 0002:00000104       __imp__mxCreateCellMatrix_700 1002b104     libmx:libmx.dll
 0002:00000108       __imp__mxCreateStructArray_700 1002b108     libmx:libmx.dll
 0002:0000010c       __imp__mxCreateNumericArray_700 1002b10c     libmx:libmx.dll
 0002:00000110       __imp__mxCreateStringFromNChars_700 1002b110     libmx:libmx.dll
 0002:00000114       __imp__mxGetElementSize    1002b114     libmx:libmx.dll
 0002:00000118       __imp__mxCreateDoubleScalar 1002b118     libmx:libmx.dll
 0002:0000011c       __imp__mxSetField_730      1002b11c     libmx:libmx.dll
 0002:00000120       __imp__mxCreateDoubleMatrix_730 1002b120     libmx:libmx.dll
 0002:00000124       __imp__mxCreateStructMatrix_730 1002b124     libmx:libmx.dll
 0002:00000128       __imp__mxDestroyArray      1002b128     libmx:libmx.dll
 0002:0000012c       __imp__mxIsLogicalScalarTrue 1002b12c     libmx:libmx.dll
 0002:00000130       __imp__mxSetCell_700       1002b130     libmx:libmx.dll
 0002:00000134       __imp__mxGetString_700     1002b134     libmx:libmx.dll
 0002:00000138       __imp__mxIsSparse          1002b138     libmx:libmx.dll
 0002:0000013c       __imp__mxGetNumberOfFields 1002b13c     libmx:libmx.dll
 0002:00000140       __imp__mxGetFieldNumber    1002b140     libmx:libmx.dll
 0002:00000144       __imp__mxGetLogicals       1002b144     libmx:libmx.dll
 0002:00000148       __imp__mxIsClass           1002b148     libmx:libmx.dll
 0002:0000014c       __imp__mxIsStruct          1002b14c     libmx:libmx.dll
 0002:00000150       __imp__mxGetNumberOfElements 1002b150     libmx:libmx.dll
 0002:00000154       __imp__mxGetField_700      1002b154     libmx:libmx.dll
 0002:00000158       __imp__mxAddField          1002b158     libmx:libmx.dll
 0002:0000015c       __imp__mxSetField_700      1002b15c     libmx:libmx.dll
 0002:00000160       __imp__mxArrayToString     1002b160     libmx:libmx.dll
 0002:00000164       __imp__mxCreateNumericMatrix_700 1002b164     libmx:libmx.dll
 0002:00000168       __imp__mxFree              1002b168     libmx:libmx.dll
 0002:0000016c       __imp__mxGetImagData       1002b16c     libmx:libmx.dll
 0002:00000170       __imp__mxGetData           1002b170     libmx:libmx.dll
 0002:00000174       __imp__mxCreateDoubleMatrix_700 1002b174     libmx:libmx.dll
 0002:00000178       __imp__mxGetClassName      1002b178     libmx:libmx.dll
 0002:0000017c       __imp__mxIsEmpty           1002b17c     libmx:libmx.dll
 0002:00000180       __imp__mxIsNaN             1002b180     libmx:libmx.dll
 0002:00000184       __imp__mxIsLogical         1002b184     libmx:libmx.dll
 0002:00000188       __imp__mxGetScalar         1002b188     libmx:libmx.dll
 0002:0000018c       __imp__mxCalloc            1002b18c     libmx:libmx.dll
 0002:00000190       __imp__mxGetM              1002b190     libmx:libmx.dll
 0002:00000194       __imp__mxGetN              1002b194     libmx:libmx.dll
 0002:00000198       __imp__mxIsComplex         1002b198     libmx:libmx.dll
 0002:0000019c       __imp__mxIsNumeric         1002b19c     libmx:libmx.dll
 0002:000001a0       __imp__mxGetClassID        1002b1a0     libmx:libmx.dll
 0002:000001a4       __imp__mxIsChar            1002b1a4     libmx:libmx.dll
 0002:000001a8       __imp__mxGetString_730     1002b1a8     libmx:libmx.dll
 0002:000001ac       __imp__mxDuplicateArray    1002b1ac     libmx:libmx.dll
 0002:000001b0       __imp__mxCreateString      1002b1b0     libmx:libmx.dll
 0002:000001b4       __imp__mxGetPr             1002b1b4     libmx:libmx.dll
 0002:000001b8       \177libmx_NULL_THUNK_DATA  1002b1b8     libmx:libmx.dll
 0002:000001bc       __imp__utFree              1002b1bc     libut:libut.dll
 0002:000001c0       __imp__utCPUtime           1002b1c0     libut:libut.dll
 0002:000001c4       __imp__utVSNprintf         1002b1c4     libut:libut.dll
 0002:000001c8       __imp__utMalloc            1002b1c8     libut:libut.dll
 0002:000001cc       \177libut_NULL_THUNK_DATA  1002b1cc     libut:libut.dll
 0002:000001d0       __real@8@4004f000000000000000 1002b1d0     c2_SatDinModel_Rid.obj
 0002:000001d8       __real@8@4003c000000000000000 1002b1d8     c2_SatDinModel_Rid.obj
 0002:000001e0       __real@8@4002c000000000000000 1002b1e0     c2_SatDinModel_Rid.obj
 0002:000001e8       __real@8@00000000000000000000 1002b1e8     c2_SatDinModel_Rid.obj
 0002:000001f0       __real@8@3fff8000000000000000 1002b1f0     c2_SatDinModel_Rid.obj
 0002:000001f8       __real@8@4007b680000000000000 1002b1f8     c2_SatDinModel_Rid.obj
 0002:00000200       __real@8@3ffd8000000000000000 1002b200     c2_SatDinModel_Rid.obj
 0002:00000208       __real@8@4009eda0000000000000 1002b208     c2_SatDinModel_Rid.obj
 0002:00000210       __real@8@4009ed80000000000000 1002b210     c2_SatDinModel_Rid.obj
 0002:00000218       __real@8@4007b6a0000000000000 1002b218     c2_SatDinModel_Rid.obj
 0002:00000220       __real@8@4002e000000000000000 1002b220     c2_SatDinModel_Rid.obj
 0002:00000228       __real@8@4013d216a40000000000 1002b228     c2_SatDinModel_Rid.obj
 0002:00000230       __real@8@40149366ae0000000000 1002b230     c2_SatDinModel_Rid.obj
 0002:00000238       _DYNAMIC_DIMENSION_DEF     1002b238     SatDinModel_Rid_sfun_registry.obj
 0002:00000248       __ssBadLevel2InputAccessMsg 1002b248     SatDinModel_Rid_sfun_registry.obj
 0002:000003cc       __ssBadLevel2DirectFeedMsg 1002b3cc     SatDinModel_Rid_sfun_registry.obj
 0002:00000508       __ssBadLevel2DirectFeedSolutionMsg 1002b508     SatDinModel_Rid_sfun_registry.obj
 0002:00000578       __ssBadLevel2ZeroDirectFeedMsg 1002b578     SatDinModel_Rid_sfun_registry.obj
 0002:000006b4       __ssBadLevel2ZeroDirectFeedMsg2 1002b6b4     SatDinModel_Rid_sfun_registry.obj
 0002:000007a0       __real@8@3ffd9999999999999800 1002b7a0     sfc_mexmsvc:sfc_sf.obj
 0002:000007a8       _sf_uint_bits_log2         1002b7a8     sfc_debugmsvc:sfcdebug.obj
 0002:000007c8       __real@8@4005c800000000000000 1002b7c8     sfc_debugmsvc:sfcdebug.obj
 0002:000009d8       __real@8@c02a9184e729fffe6800 1002b9d8     sfc_debugmsvc:sfdb_data_browse.obj
 0002:000009e0       __real@8@4000c000000000000000 1002b9e0     sfc_debugmsvc:cv_sfinterface.obj
 0002:000009e8       __real@8@40089600000000000000 1002b9e8     sfc_debugmsvc:cv_sfinterface.obj
 0002:000009f0       __IMPORT_DESCRIPTOR_libmx  1002b9f0     libmx:libmx.dll
 0002:00000a04       __IMPORT_DESCRIPTOR_libmex 1002ba04     libmex:libmex.dll
 0002:00000a18       __IMPORT_DESCRIPTOR_libfixedpoint 1002ba18     libfixedpoint:libfixedpoint.dll
 0002:00000a2c       __IMPORT_DESCRIPTOR_libut  1002ba2c     libut:libut.dll
 0002:00000a40       __IMPORT_DESCRIPTOR_libmwmathutil 1002ba40     libmwmathutil:libmwmathutil.dll
 0002:00000a54       __IMPORT_DESCRIPTOR_libemlrt 1002ba54     libemlrt:libemlrt.dll
 0002:00000a68       __IMPORT_DESCRIPTOR_MSVCRT 1002ba68     MSVCRT:MSVCRT.dll
 0002:00000a7c       __IMPORT_DESCRIPTOR_KERNEL32 1002ba7c     kernel32:KERNEL32.dll
 0002:00000a90       __NULL_IMPORT_DESCRIPTOR   1002ba90     libmx:libmx.dll
 0003:00000000       ___xc_a                    1002d000     MSVCRT:cinitexe.obj
 0003:00000004       ___xc_z                    1002d004     MSVCRT:cinitexe.obj
 0003:00000008       ___xi_a                    1002d008     MSVCRT:cinitexe.obj
 0003:0000000c       ___xi_z                    1002d00c     MSVCRT:cinitexe.obj
 0003:00000cdc       _DYNAMIC_DIMENSION         1002dcdc     SatDinModel_Rid_sfun_registry.obj
 0003:000019b8       _emlrtContextGlobal        1002e9b8     sfc_mexmsvc:sfc_mex.obj
 0003:000019d8       ??_C@_0M@EOBG@?$CFs?5?$DN?5?$CF?415g?6?$AA@ 1002e9d8     sfc_mexmsvc:sfc_mex.obj
 0003:000019e4       ??_C@_03HHKO@?$CFs?6?$AA@  1002e9e4     sfc_mexmsvc:sfc_mex.obj
 0003:000019e8       ??_C@_0CL@LBEO@failed?5sf_assertion?5in?5?$CFs?5at?5lin@ 1002e9e8     sfc_mexmsvc:sfc_mex.obj
 0003:00001a14       ??_C@_0EI@OPOF@Eval?5of?5MATLAB?5expression?5?8?$CFs?8?5i@ 1002ea14     sfc_mexmsvc:sfc_mex.obj
 0003:00001a5c       ??_C@_05NAGO@false?$AA@    1002ea5c     sfc_mexmsvc:sfc_mex.obj
 0003:00001a64       ??_C@_0DM@NOL@Stateflow?5currently?5only?5support@ 1002ea64     sfc_mexmsvc:sfc_mex.obj
 0003:00001aa0       ??_C@_03IOAK@nan?$AA@      1002eaa0     sfc_mexmsvc:sfc_mex.obj
 0003:00001aa4       ??_C@_04PIEA@base?$AA@     1002eaa4     sfc_mexmsvc:sfc_mex.obj
 0003:00001aac       ??_C@_06JELP@evalin?$AA@   1002eaac     sfc_mexmsvc:sfc_mex.obj
 0003:00001ab4       ??_C@_06KJDA@caller?$AA@   1002eab4     sfc_mexmsvc:sfc_mex.obj
 0003:00001abc       ??_C@_01PLJA@0?$AA@        1002eabc     sfc_mexmsvc:sfc_mex.obj
 0003:00001ac0       ??_C@_09HPLF@sfc_mex?4c?$AA@ 1002eac0     sfc_mexmsvc:sfc_mex.obj
 0003:00001acc       ??_C@_0CM@PJAI@Invalid?5workspace?5type?5for?5sf_ma@ 1002eacc     sfc_mexmsvc:sfc_mex.obj
 0003:00001af8       ??_C@_06JFAO@global?$AA@   1002eaf8     sfc_mexmsvc:sfc_mex.obj
 0003:00001b00       ??_C@_0BH@CPHJ@Unknown?5workspace?5type?$AA@ 1002eb00     sfc_mexmsvc:sfc_mex.obj
 0003:00001b18       ??_C@_08OJEM@getfield?$AA@ 1002eb18     sfc_mexmsvc:sfc_mex.obj
 0003:00001b24       ??_C@_05KBGO@Value?$AA@    1002eb24     sfc_mexmsvc:sfc_mex.obj
 0003:00001b2c       ??_C@_0DA@JLJI@MATLAB?5expression?5?8?$CFs?8?5could?5not@ 1002eb2c     sfc_mexmsvc:sfc_mex.obj
 0003:00001b5c       ??_C@_0CB@CHNL@Unsupported?5class?5type?5?$CFs?5for?5?$CFs@ 1002eb5c     sfc_mexmsvc:sfc_mex.obj
 0003:00001b80       ??_C@_0BI@IDD@mxIsComplex?$CImxArrayPtr?$CJ?$AA@ 1002eb80     sfc_mexmsvc:sfc_mex.obj
 0003:00001b98       ??_C@_0CF@PIOC@MATLAB?5function?5?8?$CFs?8?5returned?5NU@ 1002eb98     sfc_mexmsvc:sfc_mex.obj
 0003:00001bc0       ??_C@_07FEFB@fprintf?$AA@  1002ebc0     sfc_mexmsvc:sfc_mex.obj
 0003:00001bc8       ??_C@_0CC@FDJO@Unknown?5MATLAB?5error?5encountered@ 1002ebc8     sfc_mexmsvc:sfc_mex.obj
 0003:00001bec       ??_C@_0CJ@CHKB@?$CFs?5in?5?$CFs?5should?5never?5be?5called?5@ 1002ebec     sfc_mexmsvc:sfc_mex.obj
 0003:00001c18       ??_C@_0CE@MLJJ@Error?5calling?5MATLAB?5function?5?8?$CF@ 1002ec18     sfc_mexmsvc:sfc_mex.obj
 0003:00001c3c       ??_C@_02DILL@?$CFs?$AA@    1002ec3c     sfc_mexmsvc:sfc_mex.obj
 0003:00001c40       ??_C@_07MPKG@lasterr?$AA@  1002ec40     sfc_mexmsvc:sfc_mex.obj
 0003:00001c48       ??_C@_0CD@FO@Cannot?5add?5field?5?$CFs?5to?5struct?5?$CFs@ 1002ec48     sfc_mexmsvc:sfc_mex.obj
 0003:00001c6c       ??_C@_0CF@IKCI@Cannot?5get?5field?5?$CFs?5from?5struct?5@ 1002ec6c     sfc_mexmsvc:sfc_mex.obj
 0003:00001c94       ??_C@_0CO@LDAE@Struct?5array?5?8?$CFs?8?5does?5not?5have?5@ 1002ec94     sfc_mexmsvc:sfc_mex.obj
 0003:00001cc4       ??_C@_0DF@MFDC@Object?5?8?$CFs?8?5is?5not?5a?5struct?3?5can@ 1002ecc4     sfc_mexmsvc:sfc_mex.obj
 0003:00001cfc       ??_C@_04LLHI@size?$AA@     1002ecfc     sfc_mexmsvc:sfc_mex.obj
 0003:00001d04       ??_C@_05FCIE@?$CFsx?$CFd?$AA@ 1002ed04     sfc_mexmsvc:sfc_mex.obj
 0003:00001d0c       ??_C@_02MECO@?$CFd?$AA@    1002ed0c     sfc_mexmsvc:sfc_mex.obj
 0003:00001d10       ??_C@_0EE@BJJ@Size?5mismatch?5for?5MATLAB?5express@ 1002ed10     sfc_mexmsvc:sfc_mex.obj
 0003:00001d54       ??_C@_0DN@DDML@is?5not?5of?5the?5correct?5class?3?5exp@ 1002ed54     sfc_mexmsvc:sfc_mex.obj
 0003:00001d94       ??_C@_0BL@FIIH@MATLAB?5expression?5?8?$CFs?8?5?$CFs?4?$AA@ 1002ed94     sfc_mexmsvc:sfc_mex.obj
 0003:00001db0       ??_C@_06FHIA@isreal?$AA@   1002edb0     sfc_mexmsvc:sfc_mex.obj
 0003:00001db8       ??_C@_0FE@EOJA@In?5MATLAB?5expression?5?8?$CFs?8?0?5field@ 1002edb8     sfc_mexmsvc:sfc_mex.obj
 0003:00001e0c       ??_C@_0DE@MGME@In?5MATLAB?5expression?5?8?$CFs?8?0?5field@ 1002ee0c     sfc_mexmsvc:sfc_mex.obj
 0003:00001e40       ??_C@_0FK@IHPH@MATLAB?5expression?5?8?$CFs?8?5does?5not?5@ 1002ee40     sfc_mexmsvc:sfc_mex.obj
 0003:00001e9c       ??_C@_06BKMO@struct?$AA@   1002ee9c     sfc_mexmsvc:sfc_mex.obj
[...]
 0001:00009330       _sf_mex_check_complex      1000a330 f   sfc_mexmsvc:sfc_mex.obj
 0001:00009370       _sf_mex_check_numerictype  1000a370 f   sfc_mexmsvc:sfc_mex.obj
 0001:00009400       _sf_mex_check_fimath       1000a400 f   sfc_mexmsvc:sfc_mex.obj
 0001:00009620       _check_array_dimensions    1000a620 f   sfc_mexmsvc:sfc_mex.obj
 0001:00009660       _sf_mex_assign_to_mx_array 1000a660 f   sfc_mexmsvc:sfc_mex.obj
 0001:00009850       _get_data_value            1000a850 f   sfc_mexmsvc:sfc_mex.obj
 0001:00009960       _get_next_element_address  1000a960 f   sfc_mexmsvc:sfc_mex.obj
 0001:00009a20       _sf_create_numeric_array   1000aa20 f   sfc_mexmsvc:sfc_mex.obj
 0001:00009ac0       _sf_normalize_index        1000aac0 f   sfc_mexmsvc:sfc_mex.obj
 0001:00009c70       _sf_mex_destroy_array      1000ac70 f   sfc_mexmsvc:sfc_mex.obj
 0001:00009e30       _sf_mex_import_v           1000ae30 f   sfc_mexmsvc:sfc_mex.obj
 0001:00009ee0       _check_input_mxarray       1000aee0 f   sfc_mexmsvc:sfc_mex.obj
 0001:00009ff0       _assign_from_mx_array      1000aff0 f   sfc_mexmsvc:sfc_mex.obj
 0001:0000a4d0       _sf_zero_numeric_value     1000b4d0 f   sfc_mexmsvc:sfc_mex.obj
 0001:0000a500       _ml_get_element_value_from_array 1000b500 f   sfc_mexmsvc:sfc_mex.obj
 0001:0000a6d0       _ml_check_mx_array_for_castability 1000b6d0 f   sfc_mexmsvc:sfc_mex.obj
 0001:0000a8a0       _ml_check_mx_array_for_single_castability 1000b8a0 f   sfc_mexmsvc:sfc_mex.obj
 0001:0000a8f0       _ml_generic_castability_check 1000b8f0 f   sfc_mexmsvc:sfc_mex.obj
 0001:0000a950       __ml_generic_castability_check 1000b950 f   sfc_mexmsvc:sfc_mex.obj
 0001:0000b090       _is_real_T_equal_to_double 1000c090 f   sfc_mexmsvc:sfc_mex.obj
 0001:0000b0b0       _is_real32_T_equal_to_double 1000c0b0 f   sfc_mexmsvc:sfc_mex.obj
 0001:0000b0c0       _is_mxLogical_equal_to_double 1000c0c0 f   sfc_mexmsvc:sfc_mex.obj
 0001:0000b0f0       _is_int8_T_equal_to_double 1000c0f0 f   sfc_mexmsvc:sfc_mex.obj
 0001:0000b120       _is_uint8_T_equal_to_double 1000c120 f   sfc_mexmsvc:sfc_mex.obj
 0001:0000b150       _is_int16_T_equal_to_double 1000c150 f   sfc_mexmsvc:sfc_mex.obj
 0001:0000b180       _is_uint16_T_equal_to_double 1000c180 f   sfc_mexmsvc:sfc_mex.obj
 0001:0000b1b0       _is_int32_T_equal_to_double 1000c1b0 f   sfc_mexmsvc:sfc_mex.obj
 0001:0000b1d0       _is_uint32_T_equal_to_double 1000c1d0 f   sfc_mexmsvc:sfc_mex.obj
 0001:0000b200       _is_char_T_equal_to_double 1000c200 f   sfc_mexmsvc:sfc_mex.obj
 0001:0000b230       _sf_numeric_value_to_double 1000c230 f   sfc_mexmsvc:sfc_mex.obj
 0001:0000b260       _ml_generic_out_of_bounds_check 1000c260 f   sfc_mexmsvc:sfc_mex.obj
 0001:0000b360       _ml_check_mx_array_for_logical_castability 1000c360 f   sfc_mexmsvc:sfc_mex.obj
 0001:0000b3a0       _ml_check_mx_array_for_int8_castability 1000c3a0 f   sfc_mexmsvc:sfc_mex.obj
 0001:0000b400       _ml_check_mx_array_for_uint8_castability 1000c400 f   sfc_mexmsvc:sfc_mex.obj
 0001:0000b460       _ml_check_mx_array_for_int16_castability 1000c460 f   sfc_mexmsvc:sfc_mex.obj
 0001:0000b4c0       _ml_check_mx_array_for_uint16_castability 1000c4c0 f   sfc_mexmsvc:sfc_mex.obj
 0001:0000b520       _ml_check_mx_array_for_int32_castability 1000c520 f   sfc_mexmsvc:sfc_mex.obj
 0001:0000b580       _ml_check_mx_array_for_uint32_castability 1000c580 f   sfc_mexmsvc:sfc_mex.obj
 0001:0000b5e0       _set_data_value            1000c5e0 f   sfc_mexmsvc:sfc_mex.obj
 0001:0000bda0       _ml_array_index_bound_check 1000cda0 f   sfc_mexmsvc:sfc_mex.obj
 0001:0000c640       _mx_value                  1000d640 f   sfc_mexmsvc:sfc_mex.obj
 0001:0000c750       _sfrtGenSizeString         1000d750 f   sfc_mexmsvc:sfc_mex.obj
 0001:0000c790       _sfrtAddSize               1000d790 f   sfc_mexmsvc:sfc_mex.obj
 0001:0000c810       _SNPRINTF_WRAPPER          1000d810 f   sfc_mexmsvc:sfc_mex.obj
 0001:0000c9d0       _sfIsProperVector          1000d9d0 f   sfc_mexmsvc:sfc_mex.obj
 0001:0000ca00       _sfIsRowVector             1000da00 f   sfc_mexmsvc:sfc_mex.obj
 0001:00028200       _md5file_clear             10029200 f   sfc_debugmsvc:ckmd5.obj
 0001:00028230       _md5file_addn              10029230 f   sfc_debugmsvc:ckmd5.obj
 0001:000282f0       _md5file_hash              100292f0 f   sfc_debugmsvc:ckmd5.obj
 0001:00028360       _MD5Transform              10029360 f   sfc_debugmsvc:ckmd5.obj
 0001:00028c80       _Encode                    10029c80 f   sfc_debugmsvc:ckmd5.obj
 0001:00028cd0       _Decode                    10029cd0 f   sfc_debugmsvc:ckmd5.obj
 0001:000268d0       _sf_debug_ss_set_data_value_try 100278d0 f   sfc_debugmsvc:sfdb_symbol_scope.obj
 0001:000269d0       _sf_debug_select_mex_function 100279d0 f   sfc_debugmsvc:sfdb_symbol_scope.obj
 0001:00026a00       _sf_debug_is_dyn_matrix_initialized 10027a00 f   sfc_debugmsvc:sfdb_symbol_scope.obj
 0001:00026ab0       _sf_debug_ss_get_data_info 10027ab0 f   sfc_debugmsvc:sfdb_symbol_scope.obj
 0001:00026ce0       _sf_debug_ss_reset_data_info 10027ce0 f   sfc_debugmsvc:sfdb_symbol_scope.obj
 0001:00026d40       _sf_debug_fill_data_info_by_symbol_scope_entry 10027d40 f   sfc_debugmsvc:sfdb_symbol_scope.obj
 0001:00026e00       _sf_debug_fill_data_info_by_data_vector 10027e00 f   sfc_debugmsvc:sfdb_symbol_scope.obj
 0001:00026fd0       _sf_debug_ss_get_data_value 10027fd0 f   sfc_debugmsvc:sfdb_symbol_scope.obj
 0001:00027290       _sf_debug_ss_fill_data_struct 10028290 f   sfc_debugmsvc:sfdb_symbol_scope.obj
 0001:000274a0       _sf_debug_ss_copy_dimension 100284a0 f   sfc_debugmsvc:sfdb_symbol_scope.obj
 0001:00027970       _sf_debug_ss_data_get_whos_info 10028970 f   sfc_debugmsvc:sfdb_symbol_scope.obj
 0001:000279a0       _sf_debug_ss_data_create_data_info_struct 100289a0 f   sfc_debugmsvc:sfdb_symbol_scope.obj
 0001:00027bf0       _sf_debug_ss_data_bytes_string 10028bf0 f   sfc_debugmsvc:sfdb_symbol_scope.obj
 0001:00027c60       _sf_debug_ss_get_number_elements 10028c60 f   sfc_debugmsvc:sfdb_symbol_scope.obj
 0001:00027c90       _sf_debug_ss_data_class_string 10028c90 f   sfc_debugmsvc:sfdb_symbol_scope.obj
 0001:00027fe0       _sf_debug_ss_data_size_string 10028fe0 f   sfc_debugmsvc:sfdb_symbol_scope.obj
 0001:00028090       _sf_debug_ss_data_create_name_value_pair 10029090 f   sfc_debugmsvc:sfdb_symbol_scope.obj
 0001:000280f0       _same_named_data_in_data_array 100290f0 f   sfc_debugmsvc:sfdb_symbol_scope.obj
 0001:000248d0       _sf_debug_cc_terminate_chart 100258d0 f   sfc_debugmsvc:sfdb_coverage.obj
 0001:00024be0       _sf_debug_cc_terminate_instance 10025be0 f   sfc_debugmsvc:sfdb_coverage.obj
 0001:00025600       _sf_debug_cc_mark_object_if_needed 10026600 f   sfc_debugmsvc:sfdb_coverage.obj
 0001:00025e30       _sf_debug_cc_fill_transition_coverage_data 10026e30 f   sfc_debugmsvc:sfdb_coverage.obj
 0001:00025f70       _sf_debug_cc_fill_transition_coverage_map 10026f70 f   sfc_debugmsvc:sfdb_coverage.obj
 0001:00026170       _sf_debug_cc_fill_state_coverage_map 10027170 f   sfc_debugmsvc:sfdb_coverage.obj
 0001:00026330       _sf_debug_cc_fill_state_coverage_data 10027330 f   sfc_debugmsvc:sfdb_coverage.obj
 0001:000233b0       _sf_debug_cd_terminate_instance 100243b0 f   sfc_debugmsvc:sfdb_cycle_detection.obj
 0001:00023420       _sf_debug_cd_free_checksum_stack 10024420 f   sfc_debugmsvc:sfdb_cycle_detection.obj
 0001:00023750       _sf_debug_cd_reset_pack_strings 10024750 f   sfc_debugmsvc:sfdb_cycle_detection.obj
 0001:00020fb0       _sf_debug_bm_initialize_eml 10021fb0 f   sfc_debugmsvc:sfdb_breakpoints.obj
 0001:00022f40       _sf_debug_bm_map_debug_tag_to_breakpoint_tag 10023f40 f   sfc_debugmsvc:sfdb_breakpoints.obj
 0001:00023000       _sf_debug_bm_is_a_eml_breakpoint_impl 10024000 f   sfc_debugmsvc:sfdb_breakpoints.obj
 0001:000201e0       _void_assertion_fcn        100211e0 f   sfc_debugmsvc:sfdb_call_stack.obj
 0001:00020780       _sf_debug_tm_fill_local_trace 10021780 f   sfc_debugmsvc:sfdb_call_stack.obj
 0001:0001ec90       _sf_debug_sm_check_if_chart_is_visible 1001fc90 f   sfc_debugmsvc:sfdb_animation.obj
 0001:0001ecc0       _sf_debug_sm_is_using_unified_editors 1001fcc0 f   sfc_debugmsvc:sfdb_animation.obj
 0001:0001ed40       _sf_debug_sm_is_chart_visible_in_unified_editors 1001fd40 f   sfc_debugmsvc:sfdb_animation.obj
 0001:0001fe40       _sf_debug_sm_fill_state_activity_data 10020e40 f   sfc_debugmsvc:sfdb_animation.obj
 0001:0001cd60       _sf_debug_sc_reset_error_stack 1001dd60 f   sfc_debugmsvc:sfdb_state_consistency.obj
 0001:0001cdc0       _sf_debug_sc_is_state_inconsistent 1001ddc0 f   sfc_debugmsvc:sfdb_state_consistency.obj
 0001:0001cf50       _sf_debug_sc_push_on_error_stack 1001df50 f   sfc_debugmsvc:sfdb_state_consistency.obj
 0001:0001d3c0       _sf_debug_sc_fill_consistency_info 1001e3c0 f   sfc_debugmsvc:sfdb_state_consistency.obj
 0001:0001b790       _sf_debug_st_terminate_machine 1001c790 f   sfc_debugmsvc:sfdb_data_browse.obj
 0001:0001b7d0       _void_ptr_stack_vector_free_total 1001c7d0 f   sfc_debugmsvc:sfdb_data_browse.obj
 0001:0001b840       _sf_debug_st_terminate_instance 1001c840 f   sfc_debugmsvc:sfdb_data_browse.obj
 0001:0001b900       _push_on_to_void_ptr_stack 1001c900 f   sfc_debugmsvc:sfdb_data_browse.obj
 0001:0001ba00       _pop_from_void_ptr_stack   1001ca00 f   sfc_debugmsvc:sfdb_data_browse.obj
 0001:0001bcd0       _sf_debug_st_get_data_value 1001ccd0 f   sfc_debugmsvc:sfdb_data_browse.obj
 0001:0001c450       _sf_debug_st_fill_data     1001d450 f   sfc_debugmsvc:sfdb_data_browse.obj
 0001:0001c790       _mx_value                  1001d790 f   sfc_debugmsvc:sfdb_data_browse.obj
 0001:0001c7c0       _sf_debug_st_fill_data_struct 1001d7c0 f   sfc_debugmsvc:sfdb_data_browse.obj
 0001:0001caf0       _data_type_format_strings  1001daf0 f   sfc_debugmsvc:sfdb_data_browse.obj
 0001:00018ed0       _sf_debug_hm_get_simulink_handle 10019ed0 f   sfc_debugmsvc:sfdb_handle_management.obj
 0001:00019da0       _sf_debug_hm_initialize_globals 1001ada0 f   sfc_debugmsvc:sfdb_handle_management.obj
 0001:00019ea0       _sf_debug_hm_get_machine_debug_flag 1001aea0 f   sfc_debugmsvc:sfdb_handle_management.obj
 0001:00019fe0       _sf_debug_hm_get_machine_id 1001afe0 f   sfc_debugmsvc:sfdb_handle_management.obj
 0001:0001a120       _sf_debug_hm_get_chart_id  1001b120 f   sfc_debugmsvc:sfdb_handle_management.obj
 0001:0001a2a0       _sf_debug_hm_register_executing_SFunction 1001b2a0 f   sfc_debugmsvc:sfdb_handle_management.obj
 0001:0001a400       _sf_debug_hm_get_chart_active_instance 1001b400 f   sfc_debugmsvc:sfdb_handle_management.obj
 0001:0001a540       _sf_debug_hm_get_chart_visibility 1001b540 f   sfc_debugmsvc:sfdb_handle_management.obj
 0001:0001a680       _sf_debug_hm_form_object_boolean_properties 1001b680 f   sfc_debugmsvc:sfdb_handle_management.obj
 0001:0001a900       _sf_debug_hm_form_object_properties 1001b900 f   sfc_debugmsvc:sfdb_handle_management.obj
 0001:0001aaf0       _sf_debug_hm_terminate_machines 1001baf0 f   sfc_debugmsvc:sfdb_handle_management.obj
 0001:0001aea0       _sf_debug_hm_terminate_charts 1001bea0 f   sfc_debugmsvc:sfdb_handle_management.obj
 0001:00017040       _sfc_api_chart_visible     10018040 f   sfc_debugmsvc:sfc_api.obj
 0001:000170b0       _sfc_api_active_instance   100180b0 f   sfc_debugmsvc:sfc_api.obj
 0001:00017130       _sfc_api_machine_load      10018130 f   sfc_debugmsvc:sfc_api.obj
 0001:000171f0       _sfc_api_debugger_alive    100181f0 f   sfc_debugmsvc:sfc_api.obj
 0001:00017200       _sfc_api_go                10018200 f   sfc_debugmsvc:sfc_api.obj
 0001:00017210       _sfc_api_step_over         10018210 f   sfc_debugmsvc:sfc_api.obj
 0001:00017220       _sfc_api_step_out          10018220 f   sfc_debugmsvc:sfc_api.obj
 0001:00017230       _sfc_api_resume            10018230 f   sfc_debugmsvc:sfc_api.obj
 0001:00017240       _sfc_api_break             10018240 f   sfc_debugmsvc:sfc_api.obj
 0001:00017250       _sfc_api_stop_debugging    10018250 f   sfc_debugmsvc:sfc_api.obj
 0001:000172a0       _sfc_api_is_cycle_detected 100182a0 f   sfc_debugmsvc:sfc_api.obj
 0001:000172f0       _sfc_api_is_array_bounds_detected 100182f0 f   sfc_debugmsvc:sfc_api.obj
 0001:00017340       _sfc_api_set_disable_all_breakpoints 10018340 f   sfc_debugmsvc:sfc_api.obj
 0001:000173b0       _sfc_api_disable_all_breakpoints_and_go 100183b0 f   sfc_debugmsvc:sfc_api.obj
 0001:000173c0       _sfc_api_close             100183c0 f   sfc_debugmsvc:sfc_api.obj
 0001:000173d0       _sfc_api_browse_data       100183d0 f   sfc_debugmsvc:sfc_api.obj
 0001:00017430       _sfc_api_watch_data        10018430 f   sfc_debugmsvc:sfc_api.obj
 0001:000174a0       _sfc_api_assign_data       100184a0 f   sfc_debugmsvc:sfc_api.obj
 0001:00017510       _sfc_api_whos              10018510 f   sfc_debugmsvc:sfc_api.obj
 0001:00017580       _sfc_api_get_consistency_info 10018580 f   sfc_debugmsvc:sfc_api.obj
 0001:000175a0       _sfc_api_browse_trace      100185a0 f   sfc_debugmsvc:sfc_api.obj
 0001:000175c0       _sfc_api_break_on_chart_entry 100185c0 f   sfc_debugmsvc:sfc_api.obj
 0001:000175e0       _sfc_api_break_on_event_broadcast 100185e0 f   sfc_debugmsvc:sfc_api.obj
 0001:00017600       _sfc_api_break_on_state_entry 10018600 f   sfc_debugmsvc:sfc_api.obj
 0001:00017620       _sfc_api_set_watch         10018620 f   sfc_debugmsvc:sfc_api.obj
 0001:000176a0       _sfc_api_set_breakpoints   100186a0 f   sfc_debugmsvc:sfc_api.obj
 0001:00017720       _sfc_api_set_eml_breakpoints 10018720 f   sfc_debugmsvc:sfc_api.obj
 0001:00017790       _sfc_api_set_script_breakpoints 10018790 f   sfc_debugmsvc:sfc_api.obj
 0001:000177e0       _sfc_api_add_script_breakpoints 100187e0 f   sfc_debugmsvc:sfc_api.obj
 0001:00017830       _sfc_api_clear_script_breakpoints 10018830 f   sfc_debugmsvc:sfc_api.obj
 0001:00017880       _sfc_api_query_script_breakpoints 10018880 f   sfc_debugmsvc:sfc_api.obj
 0001:000178d0       _sfc_api_get_script_id     100188d0 f   sfc_debugmsvc:sfc_api.obj
 0001:00017960       _sfc_api_get_active_states 10018960 f   sfc_debugmsvc:sfc_api.obj
 0001:000179d0       _sfc_api_break_between_times 100189d0 f   sfc_debugmsvc:sfc_api.obj
 0001:00017a40       _sfc_api_get_instance_handle 10018a40 f   sfc_debugmsvc:sfc_api.obj
 0001:00017ad0       _sfc_api_get_coverage      10018ad0 f   sfc_debugmsvc:sfc_api.obj
 0001:00017b40       _sfc_api_set_animation     10018b40 f   sfc_debugmsvc:sfc_api.obj
 0001:00017b80       _sfc_api_select_chart      10018b80 f   sfc_debugmsvc:sfc_api.obj
 0001:00017be0       _sfc_api_select_charts     10018be0 f   sfc_debugmsvc:sfc_api.obj
 0001:00017c10       _sfc_api_cycle_detection_check 10018c10 f   sfc_debugmsvc:sfc_api.obj
 0001:00017c50       _sfc_api_data_range_check  10018c50 f   sfc_debugmsvc:sfc_api.obj
 0001:00017c90       _sfc_api_transition_conflict_check 10018c90 f   sfc_debugmsvc:sfc_api.obj
 0001:00017cd0       _sfc_api_state_consistency_check 10018cd0 f   sfc_debugmsvc:sfc_api.obj
 0001:00017d10       _sfc_api_set_instance_cv_ids 10018d10 f   sfc_debugmsvc:sfc_api.obj
 0001:00017e00       _sfc_api_set_script_cv_ids 10018e00 f   sfc_debugmsvc:sfc_api.obj
 0001:00017e80       _sfc_api_get_current_machine_id 10018e80 f   sfc_debugmsvc:sfc_api.obj
 0001:00017eb0       _sfc_api_get_current_machine_number 10018eb0 f   sfc_debugmsvc:sfc_api.obj
 0001:00017ee0       _sfc_api_get_current_chart_number 10018ee0 f   sfc_debugmsvc:sfc_api.obj
 0001:00017f10       _sfc_api_get_current_instance_number 10018f10 f   sfc_debugmsvc:sfc_api.obj
 0001:00017f40       _sfc_api_get_current_instance_handle 10018f40 f   sfc_debugmsvc:sfc_api.obj
 0001:00017f60       _sfc_api_get_current_is_minor_time_step 10018f60 f   sfc_debugmsvc:sfc_api.obj
 0001:00017f90       _sfc_api_get_current_machine_name 10018f90 f   sfc_debugmsvc:sfc_api.obj
 0001:00017fb0       _sfc_api_get_current_chart_id 10018fb0 f   sfc_debugmsvc:sfc_api.obj
 0001:00017fe0       _sfc_api_get_current_object_type 10018fe0 f   sfc_debugmsvc:sfc_api.obj
 0001:00018010       _sfc_api_get_current_event_type 10019010 f   sfc_debugmsvc:sfc_api.obj
 0001:00018040       _sfc_api_get_current_object_id 10019040 f   sfc_debugmsvc:sfc_api.obj
 0001:00018070       _sfc_get_current_active_event_type 10019070 f   sfc_debugmsvc:sfc_api.obj
 0001:000180a0       _sfc_api_get_current_active_event_id 100190a0 f   sfc_debugmsvc:sfc_api.obj
 0001:000180d0       _sfc_api_get_current_simulation_time 100190d0 f   sfc_debugmsvc:sfc_api.obj
 0001:000180f0       _sfc_get_current_tag_type  100190f0 f   sfc_debugmsvc:sfc_api.obj
 0001:00018120       _sfc_get_current_coverage_percentage 10019120 f   sfc_debugmsvc:sfc_api.obj
 0001:00018140       _sfc_get_current_statement_context 10019140 f   sfc_debugmsvc:sfc_api.obj
 0001:00018160       _sfc_get_current_optional_integer 10019160 f   sfc_debugmsvc:sfc_api.obj
 0001:00018190       _sfc_get_current_statement_info 10019190 f   sfc_debugmsvc:sfc_api.obj
 0001:00018230       _sfc_api_get               10019230 f   sfc_debugmsvc:sfc_api.obj
 0001:0000eea0       _sf_debug_chart_instance_initialized_quick 1000fea0 f   sfc_debugmsvc:sfcdebug.obj
 0001:0000f190       _sf_debug_chart_instance_initialized 10010190 f   sfc_debugmsvc:sfcdebug.obj
 0001:0000f710       _sf_debug_runtime_error    10010710 f   sfc_debugmsvc:sfcdebug.obj
 0001:0000f750       _eml_debug_runtime_error_doclink 10010750 f   sfc_debugmsvc:sfcdebug.obj
 0001:0000f910       _sfrtGenSizeString         10010910 f   sfc_debugmsvc:sfcdebug.obj
 0001:0000f950       _sfrtAddSize               10010950 f   sfc_debugmsvc:sfcdebug.obj
 0001:0000f9d0       _SNPRINTF_WRAPPER          100109d0 f   sfc_debugmsvc:sfcdebug.obj
 0001:0000fc90       _sf_debug_data_array_bounds_error 10010c90 f   sfc_debugmsvc:sfcdebug.obj
 0001:000100f0       _sf_debug_data_value_error 100110f0 f   sfc_debugmsvc:sfcdebug.obj
 0001:000106a0       _sf_debug_data_loss_error  100116a0 f   sfc_debugmsvc:sfcdebug.obj
 0001:00010eb0       _call_cv_range_check       10011eb0 f   sfc_debugmsvc:sfcdebug.obj
 0001:00011f50       _sf_debug_invoke_cycle_detection_code 10012f50 f   sfc_debugmsvc:sfcdebug.obj
 0001:000125b0       _sf_reset_debug_info_struct 100135b0 f   sfc_debugmsvc:sfcdebug.obj
 0001:00012620       _sf_debug_free_all         10013620 f   sfc_debugmsvc:sfcdebug.obj
 0001:00012a10       _sf_debug_matlab_error     10013a10 f   sfc_debugmsvc:sfcdebug.obj
 0001:00012aa0       _sf_debug_sim_status_listener 10013aa0 f   sfc_debugmsvc:sfcdebug.obj
 0001:00012ac0       _sf_debug_form_mask_bits   10013ac0 f   sfc_debugmsvc:sfcdebug.obj
 0001:00012ae0       _sf_debug_form_sf_data_type_offsets 10013ae0 f   sfc_debugmsvc:sfcdebug.obj
 0001:00012b70       _sf_debug_append_debugger_context 10013b70 f   sfc_debugmsvc:sfcdebug.obj
 0001:00012e60       _local_strdup              10013e60 f   sfc_debugmsvc:sfcdebug.obj
 0001:000139d0       _sf_debug_em_terminate     100149d0 f   sfc_debugmsvc:sfcdebug.obj
 0001:00013bd0       _sf_debug_push_eml_function 10014bd0 f   sfc_debugmsvc:sfcdebug.obj
 0001:00013cf0       _sf_debug_pop_eml_function 10014cf0 f   sfc_debugmsvc:sfcdebug.obj
 0001:00014670       _sf_debug_get_machine_number_from_id_or_name 10015670 f   sfc_debugmsvc:sfcdebug.obj
 0001:00014b20       _sf_debug_get_chart_number_from_id 10015b20 f   sfc_debugmsvc:sfcdebug.obj
 0001:000151a0       _sf_debug_transfer_control_to_debugger_GUI 100161a0 f   sfc_debugmsvc:sfcdebug.obj
 0001:000160b0       _sf_debug_scripts_rehash   100170b0 f   sfc_debugmsvc:sfcdebug.obj
 0001:000161e0       _sf_debug_get_script_line_count 100171e0 f   sfc_debugmsvc:sfcdebug.obj
 0001:000165a0       _cv_eml_state_cvId         100175a0 f   sfc_debugmsvc:sfcdebug.obj
 0001:00016960       _cv_script_cvId            10017960 f   sfc_debugmsvc:sfcdebug.obj
